Archive member included to satisfy reference by file (symbol)

/Users/daymoon/Documents/workspace/stm32f0_stdperiph_lib/Debug/libstm32f0_stdperiph_lib.a(stm32f0xx_adc.o)
                              src/powerbit.o (ADC_DeInit)
/Users/daymoon/Documents/workspace/stm32f0_stdperiph_lib/Debug/libstm32f0_stdperiph_lib.a(stm32f0xx_dma.o)
                              src/powerbit.o (DMA_DeInit)
/Users/daymoon/Documents/workspace/stm32f0_stdperiph_lib/Debug/libstm32f0_stdperiph_lib.a(stm32f0xx_gpio.o)
                              src/leds.o (GPIO_Init)
/Users/daymoon/Documents/workspace/stm32f0_stdperiph_lib/Debug/libstm32f0_stdperiph_lib.a(stm32f0xx_misc.o)
                              src/powerbit.o (NVIC_Init)
/Users/daymoon/Documents/workspace/stm32f0_stdperiph_lib/Debug/libstm32f0_stdperiph_lib.a(stm32f0xx_rcc.o)
                              src/leds.o (RCC_AHBPeriphClockCmd)
/Users/daymoon/Documents/workspace/stm32f0_stdperiph_lib/Debug/libstm32f0_stdperiph_lib.a(stm32f0xx_tim.o)
                              src/powerbit.o (TIM_TimeBaseInit)
/Users/daymoon/Documents/workspace/stm32f0_stdperiph_lib/Debug/libstm32f0_stdperiph_lib.a(stm32f0xx_usart.o)
                              src/usart.o (USART_Init)
/Applications/Ac6/SystemWorkbench.app/Contents/Eclipse/plugins/fr.ac6.mcu.externaltools.arm-none.macos64_1.17.0.201812190825/tools/compiler/bin/../lib/gcc/arm-none-eabi/7.3.1/thumb/v6-m/libgcc.a(_udivsi3.o)
                              src/commands.o (__aeabi_uidiv)
/Applications/Ac6/SystemWorkbench.app/Contents/Eclipse/plugins/fr.ac6.mcu.externaltools.arm-none.macos64_1.17.0.201812190825/tools/compiler/bin/../lib/gcc/arm-none-eabi/7.3.1/thumb/v6-m/libgcc.a(_divsi3.o)
                              src/commands.o (__aeabi_idiv)
/Applications/Ac6/SystemWorkbench.app/Contents/Eclipse/plugins/fr.ac6.mcu.externaltools.arm-none.macos64_1.17.0.201812190825/tools/compiler/bin/../lib/gcc/arm-none-eabi/7.3.1/thumb/v6-m/libgcc.a(_dvmd_tls.o)
                              /Applications/Ac6/SystemWorkbench.app/Contents/Eclipse/plugins/fr.ac6.mcu.externaltools.arm-none.macos64_1.17.0.201812190825/tools/compiler/bin/../lib/gcc/arm-none-eabi/7.3.1/thumb/v6-m/libgcc.a(_udivsi3.o) (__aeabi_idiv0)
/Applications/Ac6/SystemWorkbench.app/Contents/Eclipse/plugins/fr.ac6.mcu.externaltools.arm-none.macos64_1.17.0.201812190825/tools/compiler/bin/../lib/gcc/arm-none-eabi/7.3.1/../../../../arm-none-eabi/lib/thumb/v6-m/libc.a(lib_a-errno.o)
                              startup/sysmem.o (__errno)
/Applications/Ac6/SystemWorkbench.app/Contents/Eclipse/plugins/fr.ac6.mcu.externaltools.arm-none.macos64_1.17.0.201812190825/tools/compiler/bin/../lib/gcc/arm-none-eabi/7.3.1/../../../../arm-none-eabi/lib/thumb/v6-m/libc.a(lib_a-exit.o)
                              /Applications/Ac6/SystemWorkbench.app/Contents/Eclipse/plugins/fr.ac6.mcu.externaltools.arm-none.macos64_1.17.0.201812190825/tools/compiler/bin/../lib/gcc/arm-none-eabi/7.3.1/../../../../arm-none-eabi/lib/thumb/v6-m/crt0.o (exit)
/Applications/Ac6/SystemWorkbench.app/Contents/Eclipse/plugins/fr.ac6.mcu.externaltools.arm-none.macos64_1.17.0.201812190825/tools/compiler/bin/../lib/gcc/arm-none-eabi/7.3.1/../../../../arm-none-eabi/lib/thumb/v6-m/libc.a(lib_a-impure.o)
                              /Applications/Ac6/SystemWorkbench.app/Contents/Eclipse/plugins/fr.ac6.mcu.externaltools.arm-none.macos64_1.17.0.201812190825/tools/compiler/bin/../lib/gcc/arm-none-eabi/7.3.1/../../../../arm-none-eabi/lib/thumb/v6-m/libc.a(lib_a-exit.o) (_global_impure_ptr)
/Applications/Ac6/SystemWorkbench.app/Contents/Eclipse/plugins/fr.ac6.mcu.externaltools.arm-none.macos64_1.17.0.201812190825/tools/compiler/bin/../lib/gcc/arm-none-eabi/7.3.1/../../../../arm-none-eabi/lib/thumb/v6-m/libc.a(lib_a-init.o)
                              /Applications/Ac6/SystemWorkbench.app/Contents/Eclipse/plugins/fr.ac6.mcu.externaltools.arm-none.macos64_1.17.0.201812190825/tools/compiler/bin/../lib/gcc/arm-none-eabi/7.3.1/../../../../arm-none-eabi/lib/thumb/v6-m/crt0.o (__libc_init_array)
/Applications/Ac6/SystemWorkbench.app/Contents/Eclipse/plugins/fr.ac6.mcu.externaltools.arm-none.macos64_1.17.0.201812190825/tools/compiler/bin/../lib/gcc/arm-none-eabi/7.3.1/../../../../arm-none-eabi/lib/thumb/v6-m/libc.a(lib_a-memcpy-stub.o)
                              src/commands.o (memcpy)
/Applications/Ac6/SystemWorkbench.app/Contents/Eclipse/plugins/fr.ac6.mcu.externaltools.arm-none.macos64_1.17.0.201812190825/tools/compiler/bin/../lib/gcc/arm-none-eabi/7.3.1/../../../../arm-none-eabi/lib/thumb/v6-m/libc.a(lib_a-memset.o)
                              /Applications/Ac6/SystemWorkbench.app/Contents/Eclipse/plugins/fr.ac6.mcu.externaltools.arm-none.macos64_1.17.0.201812190825/tools/compiler/bin/../lib/gcc/arm-none-eabi/7.3.1/../../../../arm-none-eabi/lib/thumb/v6-m/crt0.o (memset)
[...]
Memory Configuration

Name             Origin             Length             Attributes
RAM              0x0000000020000000 0x0000000000001000 xrw
ROM              0x0000000008000000 0x0000000000008000 xr
*default*        0x0000000000000000 0xffffffffffffffff

Linker script and memory map

LOAD /Applications/Ac6/SystemWorkbench.app/Contents/Eclipse/plugins/fr.ac6.mcu.externaltools.arm-none.macos64_1.17.0.201812190825/tools/compiler/bin/../lib/gcc/arm-none-eabi/7.3.1/thumb/v6-m/crti.o
LOAD /Applications/Ac6/SystemWorkbench.app/Contents/Eclipse/plugins/fr.ac6.mcu.externaltools.arm-none.macos64_1.17.0.201812190825/tools/compiler/bin/../lib/gcc/arm-none-eabi/7.3.1/thumb/v6-m/crtbegin.o
LOAD /Applications/Ac6/SystemWorkbench.app/Contents/Eclipse/plugins/fr.ac6.mcu.externaltools.arm-none.macos64_1.17.0.201812190825/tools/compiler/bin/../lib/gcc/arm-none-eabi/7.3.1/../../../../arm-none-eabi/lib/thumb/v6-m/crt0.o
LOAD src/commands.o
LOAD src/delay.o
LOAD src/leds.o
LOAD src/main.o
LOAD src/powerbit.o
LOAD src/scheduler.o
LOAD src/services.o
LOAD src/stm32f0xx_it.o
LOAD src/system_stm32f0xx.o
LOAD src/usart.o
LOAD startup/startup_stm32.o
LOAD startup/sysmem.o
LOAD /Users/daymoon/Documents/workspace/stm32f0_stdperiph_lib/Debug/libstm32f0_stdperiph_lib.a
LOAD /Applications/Ac6/SystemWorkbench.app/Contents/Eclipse/plugins/fr.ac6.mcu.externaltools.arm-none.macos64_1.17.0.201812190825/tools/compiler/bin/../lib/gcc/arm-none-eabi/7.3.1/../../../../arm-none-eabi/lib/thumb/v6-m/libm.a
START GROUP
LOAD /Applications/Ac6/SystemWorkbench.app/Contents/Eclipse/plugins/fr.ac6.mcu.externaltools.arm-none.macos64_1.17.0.201812190825/tools/compiler/bin/../lib/gcc/arm-none-eabi/7.3.1/thumb/v6-m/libgcc.a
LOAD /Applications/Ac6/SystemWorkbench.app/Contents/Eclipse/plugins/fr.ac6.mcu.externaltools.arm-none.macos64_1.17.0.201812190825/tools/compiler/bin/../lib/gcc/arm-none-eabi/7.3.1/../../../../arm-none-eabi/lib/thumb/v6-m/libc.a
END GROUP
LOAD /Applications/Ac6/SystemWorkbench.app/Contents/Eclipse/plugins/fr.ac6.mcu.externaltools.arm-none.macos64_1.17.0.201812190825/tools/compiler/bin/../lib/gcc/arm-none-eabi/7.3.1/thumb/v6-m/crtend.o
LOAD /Applications/Ac6/SystemWorkbench.app/Contents/Eclipse/plugins/fr.ac6.mcu.externaltools.arm-none.macos64_1.17.0.201812190825/tools/compiler/bin/../lib/gcc/arm-none-eabi/7.3.1/thumb/v6-m/crtn.o
                0x0000000020001000                _estack = 0x20001000
                0x0000000000000000                _Min_Heap_Size = 0x0
                0x0000000000000400                _Min_Stack_Size = 0x400

.isr_vector     0x0000000008000000       0xc0
                0x0000000008000000                . = ALIGN (0x4)
 *(.isr_vector)
 .isr_vector    0x0000000008000000       0xc0 startup/startup_stm32.o
                0x0000000008000000                g_pfnVectors
                0x00000000080000c0                . = ALIGN (0x4)

.text           0x00000000080000c0     0x2f8c
                0x00000000080000c0                . = ALIGN (0x4)
 *(.text)
 .text          0x00000000080000c0       0x48 /Applications/Ac6/SystemWorkbench.app/Contents/Eclipse/plugins/fr.ac6.mcu.externaltools.arm-none.macos64_1.17.0.201812190825/tools/compiler/bin/../lib/gcc/arm-none-eabi/7.3.1/thumb/v6-m/crtbegin.o
 .text          0x0000000008000108      0x114 /Applications/Ac6/SystemWorkbench.app/Contents/Eclipse/plugins/fr.ac6.mcu.externaltools.arm-none.macos64_1.17.0.201812190825/tools/compiler/bin/../lib/gcc/arm-none-eabi/7.3.1/thumb/v6-m/libgcc.a(_udivsi3.o)
                0x0000000008000108                __udivsi3
                0x0000000008000108                __aeabi_uidiv
                0x0000000008000214                __aeabi_uidivmod
 .text          0x000000000800021c      0x1d4 /Applications/Ac6/SystemWorkbench.app/Contents/Eclipse/plugins/fr.ac6.mcu.externaltools.arm-none.macos64_1.17.0.201812190825/tools/compiler/bin/../lib/gcc/arm-none-eabi/7.3.1/thumb/v6-m/libgcc.a(_divsi3.o)
                0x000000000800021c                __aeabi_idiv
                0x000000000800021c                __divsi3
                0x00000000080003e8                __aeabi_idivmod
 .text          0x00000000080003f0        0x4 /Applications/Ac6/SystemWorkbench.app/Contents/Eclipse/plugins/fr.ac6.mcu.externaltools.arm-none.macos64_1.17.0.201812190825/tools/compiler/bin/../lib/gcc/arm-none-eabi/7.3.1/thumb/v6-m/libgcc.a(_dvmd_tls.o)
                0x00000000080003f0                __aeabi_ldiv0
                0x00000000080003f0                __aeabi_idiv0
 *(.text*)
 .text.commands_parse
                0x00000000080003f4       0x2c src/commands.o
                0x00000000080003f4                commands_parse
 .text.commands_wrong_cmd
                0x0000000008000420       0x1c src/commands.o
                0x0000000008000420                commands_wrong_cmd
 .text.commands_process
                0x000000000800043c      0x134 src/commands.o
                0x000000000800043c                commands_process
 .text.commands_ok_cmd
                0x0000000008000570       0x1c src/commands.o
                0x0000000008000570                commands_ok_cmd
 .text.cmd_powerbit_on
                0x000000000800058c        0xe src/commands.o
                0x000000000800058c                cmd_powerbit_on
 .text.cmd_powerbit_off
                0x000000000800059a        0xe src/commands.o
                0x000000000800059a                cmd_powerbit_off
 .text.cmd_powerbit_stat
                0x00000000080005a8       0xfc src/commands.o
                0x00000000080005a8                cmd_powerbit_stat
 .text.cmd_isnumber
                0x00000000080006a4       0x12 src/commands.o
                0x00000000080006a4                cmd_isnumber
 *fill*         0x00000000080006b6        0x2 
 .text.cmd_powerbit_volt
                0x00000000080006b8       0x74 src/commands.o
                0x00000000080006b8                cmd_powerbit_volt
 .text.cmd_powerbit_curr
                0x000000000800072c       0x70 src/commands.o
                0x000000000800072c                cmd_powerbit_curr
 .text.cmd_powerbit_freq
                0x000000000800079c       0xa4 src/commands.o
                0x000000000800079c                cmd_powerbit_freq
 .text.cmd_powerbit_dutymax
                0x0000000008000840       0x4e src/commands.o
                0x0000000008000840                cmd_powerbit_dutymax
 .text.cmd_powerbit_dutymin
                0x000000000800088e       0x48 src/commands.o
                0x000000000800088e                cmd_powerbit_dutymin
 .text.cmd_powerbit_const
                0x00000000080008d6       0x78 src/commands.o
                0x00000000080008d6                cmd_powerbit_const
 *fill*         0x000000000800094e        0x2 
 .text.leds_config
                0x0000000008000950       0x64 src/leds.o
                0x0000000008000950                leds_config
 .text.startup.main
                0x00000000080009b4       0x1c src/main.o
                0x00000000080009b4                main
 .text.assert_failed
                0x00000000080009d0        0x2 src/main.o
                0x00000000080009d0                assert_failed
 *fill*         0x00000000080009d2        0x2 
 .text.powerbit_gpio_init
                0x00000000080009d4       0x78 src/powerbit.o
                0x00000000080009d4                powerbit_gpio_init
 .text.powerbit_adcdma_init
                0x0000000008000a4c      0x10c src/powerbit.o
                0x0000000008000a4c                powerbit_adcdma_init
 .text.powerbit_set_freq
                0x0000000008000b58       0x9c src/powerbit.o
                0x0000000008000b58                powerbit_set_freq
 .text.powerbit_pwm_init
                0x0000000008000bf4       0xe4 src/powerbit.o
                0x0000000008000bf4                powerbit_pwm_init
 .text.powerbit_init
                0x0000000008000cd8       0x20 src/powerbit.o
                0x0000000008000cd8                powerbit_init
 .text.powerbit_set_duty
                0x0000000008000cf8       0x48 src/powerbit.o
                0x0000000008000cf8                powerbit_set_duty
 .text.powerbit_set_dutymax
                0x0000000008000d40        0xc src/powerbit.o
                0x0000000008000d40                powerbit_set_dutymax
 .text.powerbit_set_dutymin
                0x0000000008000d4c        0xc src/powerbit.o
                0x0000000008000d4c                powerbit_set_dutymin
 .text.powerbit_set_const
                0x0000000008000d58       0x2c src/powerbit.o
                0x0000000008000d58                powerbit_set_const
 .text.powerbit_wait_for_adc
                0x0000000008000d84       0x14 src/powerbit.o
                0x0000000008000d84                powerbit_wait_for_adc
 .text.powerbit_curr_peak
                0x0000000008000d98       0x34 src/powerbit.o
                0x0000000008000d98                powerbit_curr_peak
 .text.powerbit_volt_avrg
                0x0000000008000dcc       0x30 src/powerbit.o
                0x0000000008000dcc                powerbit_volt_avrg
 .text.powerbit_enable
                0x0000000008000dfc       0x10 src/powerbit.o
                0x0000000008000dfc                powerbit_enable
 .text.powerbit_disable
                0x0000000008000e0c       0x10 src/powerbit.o
                0x0000000008000e0c                powerbit_disable
 .text.powerbit_set_voltage
                0x0000000008000e1c        0xc src/powerbit.o
                0x0000000008000e1c                powerbit_set_voltage
 .text.powerbit_get_voltage
                0x0000000008000e28       0x50 src/powerbit.o
                0x0000000008000e28                powerbit_get_voltage
 .text.powerbit_psd_calculation
                0x0000000008000e78      0x154 src/powerbit.o
                0x0000000008000e78                powerbit_psd_calculation
 .text.powerbit_regulator_process
                0x0000000008000fcc       0x28 src/powerbit.o
                0x0000000008000fcc                powerbit_regulator_process
 .text.powerbit_get_peak
                0x0000000008000ff4        0xc src/powerbit.o
                0x0000000008000ff4                powerbit_get_peak
 .text.powerbit_get_output
                0x0000000008001000        0xc src/powerbit.o
                0x0000000008001000                powerbit_get_output
 .text.powerbit_set_current
                0x000000000800100c        0xc src/powerbit.o
                0x000000000800100c                powerbit_set_current
 .text.Scheduler_start
                0x0000000008001018        0x4 src/scheduler.o
                0x0000000008001018                Scheduler_start
 .text.Scheduler_Add_Task
                0x000000000800101c       0x34 src/scheduler.o
                0x000000000800101c                Scheduler_Add_Task
 .text.Scheduler_Delete_Task
                0x0000000008001050       0x2c src/scheduler.o
                0x0000000008001050                Scheduler_Delete_Task
 .text.Scheduler_init
                0x000000000800107c       0x58 src/scheduler.o
                0x000000000800107c                Scheduler_init
 .text.Scheduler_Dispatch_Tasks
                0x00000000080010d4       0x40 src/scheduler.o
                0x00000000080010d4                Scheduler_Dispatch_Tasks
 .text.Run_scheduler
                0x0000000008001114       0x40 src/scheduler.o
                0x0000000008001114                Run_scheduler
 .text.LED_service
                0x0000000008001154       0x28 src/services.o
                0x0000000008001154                LED_service
 .text.Regulators_service
                0x000000000800117c        0x8 src/services.o
                0x000000000800117c                Regulators_service
 .text.Command_service
                0x0000000008001184        0xc src/services.o
                0x0000000008001184                Command_service
 .text.NMI_Handler
                0x0000000008001190        0x2 src/stm32f0xx_it.o
                0x0000000008001190                NMI_Handler
 .text.HardFault_Handler
                0x0000000008001192        0x2 src/stm32f0xx_it.o
                0x0000000008001192                HardFault_Handler
 .text.SVC_Handler
                0x0000000008001194        0x2 src/stm32f0xx_it.o
                0x0000000008001194                SVC_Handler
 .text.PendSV_Handler
                0x0000000008001196        0x2 src/stm32f0xx_it.o
                0x0000000008001196                PendSV_Handler
 .text.SysTick_Handler
                0x0000000008001198        0x8 src/stm32f0xx_it.o
                0x0000000008001198                SysTick_Handler
 .text.DMA1_CH1_IRQHandler
                0x00000000080011a0       0x1c src/stm32f0xx_it.o
                0x00000000080011a0                DMA1_CH1_IRQHandler
 .text.USART1_IRQHandler
                0x00000000080011bc       0x9c src/stm32f0xx_it.o
                0x00000000080011bc                USART1_IRQHandler
 .text.SystemInit
                0x0000000008001258       0xbc src/system_stm32f0xx.o
                0x0000000008001258                SystemInit
 .text.usart_send_text
                0x0000000008001314       0x3c src/usart.o
                0x0000000008001314                usart_send_text
 .text.usart_newline
                0x0000000008001350       0x54 src/usart.o
                0x0000000008001350                usart_newline
 .text.usart_config
                0x00000000080013a4       0xdc src/usart.o
                0x00000000080013a4                usart_config
 .text.usart_release_Rx_buffer
                0x0000000008001480       0x18 src/usart.o
                0x0000000008001480                usart_release_Rx_buffer
 .text.get_Rx_buffer
                0x0000000008001498        0x8 src/usart.o
                0x0000000008001498                get_Rx_buffer
 .text.Reset_Handler
                0x00000000080014a0       0x50 startup/startup_stm32.o
                0x00000000080014a0                Reset_Handler
 .text.Default_Handler
                0x00000000080014f0        0x2 startup/startup_stm32.o
                0x00000000080014f0                TIM1_BRK_UP_TRG_COM_IRQHandler
                0x00000000080014f0                TIM1_CC_IRQHandler
                0x00000000080014f0                TSC_IRQHandler
                0x00000000080014f0                PVD_IRQHandler
                0x00000000080014f0                I2C1_IRQHandler
                0x00000000080014f0                RCC_CRS_IRQHandler
                0x00000000080014f0                SPI1_IRQHandler
                0x00000000080014f0                TIM6_DAC_IRQHandler
                0x00000000080014f0                EXTI2_3_IRQHandler
                0x00000000080014f0                I2C2_IRQHandler
                0x00000000080014f0                TIM17_IRQHandler
                0x00000000080014f0                CEC_CAN_IRQHandler
                0x00000000080014f0                RTC_IRQHandler
                0x00000000080014f0                TIM16_IRQHandler
                0x00000000080014f0                TIM3_IRQHandler
                0x00000000080014f0                EXTI4_15_IRQHandler
                0x00000000080014f0                Default_Handler
                0x00000000080014f0                DMA1_CH2_3_DMA2_CH1_2_IRQHandler
                0x00000000080014f0                TIM14_IRQHandler
                0x00000000080014f0                TIM7_IRQHandler
                0x00000000080014f0                TIM15_IRQHandler
                0x00000000080014f0                EXTI0_1_IRQHandler
                0x00000000080014f0                USB_IRQHandler
                0x00000000080014f0                SPI2_IRQHandler
                0x00000000080014f0                WWDG_IRQHandler
                0x00000000080014f0                TIM2_IRQHandler
                0x00000000080014f0                ADC_COMP_IRQHandler
                0x00000000080014f0                USART2_IRQHandler
                0x00000000080014f0                USART3_4_5_6_7_8_IRQHandler
                0x00000000080014f0                FLASH_IRQHandler
                0x00000000080014f0                DMA1_CH4_5_6_7_DMA2_CH3_4_5_IRQHandler
 *fill*         0x00000000080014f2        0x2 
 .text.ADC_DeInit
                0x00000000080014f4       0x30 /Users/daymoon/Documents/workspace/stm32f0_stdperiph_lib/Debug/libstm32f0_stdperiph_lib.a(stm32f0xx_adc.o)
                0x00000000080014f4                ADC_DeInit
 .text.ADC_Init
                0x0000000008001524       0xb0 /Users/daymoon/Documents/workspace/stm32f0_stdperiph_lib/Debug/libstm32f0_stdperiph_lib.a(stm32f0xx_adc.o)
                0x0000000008001524                ADC_Init
 .text.ADC_StructInit
                0x00000000080015d4       0x10 /Users/daymoon/Documents/workspace/stm32f0_stdperiph_lib/Debug/libstm32f0_stdperiph_lib.a(stm32f0xx_adc.o)
                0x00000000080015d4                ADC_StructInit
 .text.ADC_Cmd  0x00000000080015e4       0x3c /Users/daymoon/Documents/workspace/stm32f0_stdperiph_lib/Debug/libstm32f0_stdperiph_lib.a(stm32f0xx_adc.o)
                0x00000000080015e4                ADC_Cmd
 .text.ADC_ChannelConfig
                0x0000000008001620       0x50 /Users/daymoon/Documents/workspace/stm32f0_stdperiph_lib/Debug/libstm32f0_stdperiph_lib.a(stm32f0xx_adc.o)
                0x0000000008001620                ADC_ChannelConfig
 .text.ADC_GetCalibrationFactor
                0x0000000008001670       0x44 /Users/daymoon/Documents/workspace/stm32f0_stdperiph_lib/Debug/libstm32f0_stdperiph_lib.a(stm32f0xx_adc.o)
                0x0000000008001670                ADC_GetCalibrationFactor
 .text.ADC_StartOfConversion
                0x00000000080016b4       0x28 /Users/daymoon/Documents/workspace/stm32f0_stdperiph_lib/Debug/libstm32f0_stdperiph_lib.a(stm32f0xx_adc.o)
                0x00000000080016b4                ADC_StartOfConversion
 .text.ADC_DMACmd
                0x00000000080016dc       0x44 /Users/daymoon/Documents/workspace/stm32f0_stdperiph_lib/Debug/libstm32f0_stdperiph_lib.a(stm32f0xx_adc.o)
                0x00000000080016dc                ADC_DMACmd
 .text.ADC_DMARequestModeConfig
                0x0000000008001720       0x30 /Users/daymoon/Documents/workspace/stm32f0_stdperiph_lib/Debug/libstm32f0_stdperiph_lib.a(stm32f0xx_adc.o)
                0x0000000008001720                ADC_DMARequestModeConfig
 .text.ADC_GetFlagStatus
                0x0000000008001750       0x6c /Users/daymoon/Documents/workspace/stm32f0_stdperiph_lib/Debug/libstm32f0_stdperiph_lib.a(stm32f0xx_adc.o)
                0x0000000008001750                ADC_GetFlagStatus
 .text.DMA_DeInit
                0x00000000080017bc      0x148 /Users/daymoon/Documents/workspace/stm32f0_stdperiph_lib/Debug/libstm32f0_stdperiph_lib.a(stm32f0xx_dma.o)
                0x00000000080017bc                DMA_DeInit
 .text.DMA_Init
                0x0000000008001904      0x17c /Users/daymoon/Documents/workspace/stm32f0_stdperiph_lib/Debug/libstm32f0_stdperiph_lib.a(stm32f0xx_dma.o)
                0x0000000008001904                DMA_Init
 .text.DMA_Cmd  0x0000000008001a80       0xb4 /Users/daymoon/Documents/workspace/stm32f0_stdperiph_lib/Debug/libstm32f0_stdperiph_lib.a(stm32f0xx_dma.o)
                0x0000000008001a80                DMA_Cmd
 .text.DMA_ITConfig
                0x0000000008001b34       0xcc /Users/daymoon/Documents/workspace/stm32f0_stdperiph_lib/Debug/libstm32f0_stdperiph_lib.a(stm32f0xx_dma.o)
                0x0000000008001b34                DMA_ITConfig
 .text.DMA_GetFlagStatus
                0x0000000008001c00      0x108 /Users/daymoon/Documents/workspace/stm32f0_stdperiph_lib/Debug/libstm32f0_stdperiph_lib.a(stm32f0xx_dma.o)
                0x0000000008001c00                DMA_GetFlagStatus
 .text.DMA_ClearFlag
                0x0000000008001d08       0x40 /Users/daymoon/Documents/workspace/stm32f0_stdperiph_lib/Debug/libstm32f0_stdperiph_lib.a(stm32f0xx_dma.o)
                0x0000000008001d08                DMA_ClearFlag
 .text.DMA_GetITStatus
                0x0000000008001d48      0x108 /Users/daymoon/Documents/workspace/stm32f0_stdperiph_lib/Debug/libstm32f0_stdperiph_lib.a(stm32f0xx_dma.o)
                0x0000000008001d48                DMA_GetITStatus
 .text.DMA_ClearITPendingBit
                0x0000000008001e50       0x40 /Users/daymoon/Documents/workspace/stm32f0_stdperiph_lib/Debug/libstm32f0_stdperiph_lib.a(stm32f0xx_dma.o)
                0x0000000008001e50                DMA_ClearITPendingBit
 .text.GPIO_Init
                0x0000000008001e90      0x108 /Users/daymoon/Documents/workspace/stm32f0_stdperiph_lib/Debug/libstm32f0_stdperiph_lib.a(stm32f0xx_gpio.o)
                0x0000000008001e90                GPIO_Init
 .text.GPIO_ReadOutputData
                0x0000000008001f98       0x54 /Users/daymoon/Documents/workspace/stm32f0_stdperiph_lib/Debug/libstm32f0_stdperiph_lib.a(stm32f0xx_gpio.o)
                0x0000000008001f98                GPIO_ReadOutputData
 .text.GPIO_SetBits
                0x0000000008001fec       0x60 /Users/daymoon/Documents/workspace/stm32f0_stdperiph_lib/Debug/libstm32f0_stdperiph_lib.a(stm32f0xx_gpio.o)
                0x0000000008001fec                GPIO_SetBits
 .text.GPIO_ResetBits
                0x000000000800204c       0x60 /Users/daymoon/Documents/workspace/stm32f0_stdperiph_lib/Debug/libstm32f0_stdperiph_lib.a(stm32f0xx_gpio.o)
                0x000000000800204c                GPIO_ResetBits
 .text.GPIO_PinAFConfig
                0x00000000080020ac       0x90 /Users/daymoon/Documents/workspace/stm32f0_stdperiph_lib/Debug/libstm32f0_stdperiph_lib.a(stm32f0xx_gpio.o)
                0x00000000080020ac                GPIO_PinAFConfig
 .text.NVIC_Init
                0x000000000800213c       0x74 /Users/daymoon/Documents/workspace/stm32f0_stdperiph_lib/Debug/libstm32f0_stdperiph_lib.a(stm32f0xx_misc.o)
                0x000000000800213c                NVIC_Init
 .text.RCC_GetClocksFreq
                0x00000000080021b0      0x174 /Users/daymoon/Documents/workspace/stm32f0_stdperiph_lib/Debug/libstm32f0_stdperiph_lib.a(stm32f0xx_rcc.o)
                0x00000000080021b0                RCC_GetClocksFreq
 .text.RCC_AHBPeriphClockCmd
                0x0000000008002324       0x50 /Users/daymoon/Documents/workspace/stm32f0_stdperiph_lib/Debug/libstm32f0_stdperiph_lib.a(stm32f0xx_rcc.o)
                0x0000000008002324                RCC_AHBPeriphClockCmd
 .text.RCC_APB2PeriphClockCmd
                0x0000000008002374       0x50 /Users/daymoon/Documents/workspace/stm32f0_stdperiph_lib/Debug/libstm32f0_stdperiph_lib.a(stm32f0xx_rcc.o)
                0x0000000008002374                RCC_APB2PeriphClockCmd
 .text.RCC_APB2PeriphResetCmd
                0x00000000080023c4       0x50 /Users/daymoon/Documents/workspace/stm32f0_stdperiph_lib/Debug/libstm32f0_stdperiph_lib.a(stm32f0xx_rcc.o)
                0x00000000080023c4                RCC_APB2PeriphResetCmd
 .text.TIM_TimeBaseInit
                0x0000000008002414      0x104 /Users/daymoon/Documents/workspace/stm32f0_stdperiph_lib/Debug/libstm32f0_stdperiph_lib.a(stm32f0xx_tim.o)
                0x0000000008002414                TIM_TimeBaseInit
 .text.TIM_Cmd  0x0000000008002518       0x94 /Users/daymoon/Documents/workspace/stm32f0_stdperiph_lib/Debug/libstm32f0_stdperiph_lib.a(stm32f0xx_tim.o)
                0x0000000008002518                TIM_Cmd
 .text.TIM_BDTRConfig
                0x00000000080025ac       0xec /Users/daymoon/Documents/workspace/stm32f0_stdperiph_lib/Debug/libstm32f0_stdperiph_lib.a(stm32f0xx_tim.o)
                0x00000000080025ac                TIM_BDTRConfig
 .text.TIM_CtrlPWMOutputs
                0x0000000008002698       0x68 /Users/daymoon/Documents/workspace/stm32f0_stdperiph_lib/Debug/libstm32f0_stdperiph_lib.a(stm32f0xx_tim.o)
                0x0000000008002698                TIM_CtrlPWMOutputs
 .text.TIM_OC3Init
                0x0000000008002700      0x144 /Users/daymoon/Documents/workspace/stm32f0_stdperiph_lib/Debug/libstm32f0_stdperiph_lib.a(stm32f0xx_tim.o)
                0x0000000008002700                TIM_OC3Init
 .text.TIM_OC3PreloadConfig
                0x0000000008002844       0x50 /Users/daymoon/Documents/workspace/stm32f0_stdperiph_lib/Debug/libstm32f0_stdperiph_lib.a(stm32f0xx_tim.o)
                0x0000000008002844                TIM_OC3PreloadConfig
 .text.USART_Init
                0x0000000008002894      0x188 /Users/daymoon/Documents/workspace/stm32f0_stdperiph_lib/Debug/libstm32f0_stdperiph_lib.a(stm32f0xx_usart.o)
                0x0000000008002894                USART_Init
 .text.USART_Cmd
                0x0000000008002a1c       0x88 /Users/daymoon/Documents/workspace/stm32f0_stdperiph_lib/Debug/libstm32f0_stdperiph_lib.a(stm32f0xx_usart.o)
                0x0000000008002a1c                USART_Cmd
 .text.USART_SendData
                0x0000000008002aa4       0x84 /Users/daymoon/Documents/workspace/stm32f0_stdperiph_lib/Debug/libstm32f0_stdperiph_lib.a(stm32f0xx_usart.o)
                0x0000000008002aa4                USART_SendData
 .text.USART_ReceiveData
                0x0000000008002b28       0x6c /Users/daymoon/Documents/workspace/stm32f0_stdperiph_lib/Debug/libstm32f0_stdperiph_lib.a(stm32f0xx_usart.o)
                0x0000000008002b28                USART_ReceiveData
 .text.USART_ITConfig
                0x0000000008002b94      0x138 /Users/daymoon/Documents/workspace/stm32f0_stdperiph_lib/Debug/libstm32f0_stdperiph_lib.a(stm32f0xx_usart.o)
                0x0000000008002b94                USART_ITConfig
 .text.USART_GetITStatus
                0x0000000008002ccc      0x130 /Users/daymoon/Documents/workspace/stm32f0_stdperiph_lib/Debug/libstm32f0_stdperiph_lib.a(stm32f0xx_usart.o)
                0x0000000008002ccc                USART_GetITStatus
 .text.__libc_init_array
                0x0000000008002dfc       0x48 /Applications/Ac6/SystemWorkbench.app/Contents/Eclipse/plugins/fr.ac6.mcu.externaltools.arm-none.macos64_1.17.0.201812190825/tools/compiler/bin/../lib/gcc/arm-none-eabi/7.3.1/../../../../arm-none-eabi/lib/thumb/v6-m/libc.a(lib_a-init.o)
                0x0000000008002dfc                __libc_init_array
 .text.memcpy   0x0000000008002e44       0x88 /Applications/Ac6/SystemWorkbench.app/Contents/Eclipse/plugins/fr.ac6.mcu.externaltools.arm-none.macos64_1.17.0.201812190825/tools/compiler/bin/../lib/gcc/arm-none-eabi/7.3.1/../../../../arm-none-eabi/lib/thumb/v6-m/libc.a(lib_a-memcpy-stub.o)
                0x0000000008002e44                memcpy
 .text.strcpy   0x0000000008002ecc       0x10 /Applications/Ac6/SystemWorkbench.app/Contents/Eclipse/plugins/fr.ac6.mcu.externaltools.arm-none.macos64_1.17.0.201812190825/tools/compiler/bin/../lib/gcc/arm-none-eabi/7.3.1/../../../../arm-none-eabi/lib/thumb/v6-m/libc.a(lib_a-strcpy.o)
                0x0000000008002ecc                strcpy
 .text.startup.register_fini
                0x0000000008002edc       0x18 /Applications/Ac6/SystemWorkbench.app/Contents/Eclipse/plugins/fr.ac6.mcu.externaltools.arm-none.macos64_1.17.0.201812190825/tools/compiler/bin/../lib/gcc/arm-none-eabi/7.3.1/../../../../arm-none-eabi/lib/thumb/v6-m/libc.a(lib_a-__call_atexit.o)
 .text.atexit   0x0000000008002ef4       0x10 /Applications/Ac6/SystemWorkbench.app/Contents/Eclipse/plugins/fr.ac6.mcu.externaltools.arm-none.macos64_1.17.0.201812190825/tools/compiler/bin/../lib/gcc/arm-none-eabi/7.3.1/../../../../arm-none-eabi/lib/thumb/v6-m/libc.a(lib_a-atexit.o)
                0x0000000008002ef4                atexit
 .text.__libc_fini_array
                0x0000000008002f04       0x34 /Applications/Ac6/SystemWorkbench.app/Contents/Eclipse/plugins/fr.ac6.mcu.externaltools.arm-none.macos64_1.17.0.201812190825/tools/compiler/bin/../lib/gcc/arm-none-eabi/7.3.1/../../../../arm-none-eabi/lib/thumb/v6-m/libc.a(lib_a-fini.o)
                0x0000000008002f04                __libc_fini_array
 .text.__retarget_lock_acquire_recursive
                0x0000000008002f38        0x4 /Applications/Ac6/SystemWorkbench.app/Contents/Eclipse/plugins/fr.ac6.mcu.externaltools.arm-none.macos64_1.17.0.201812190825/tools/compiler/bin/../lib/gcc/arm-none-eabi/7.3.1/../../../../arm-none-eabi/lib/thumb/v6-m/libc.a(lib_a-lock.o)
                0x0000000008002f38                __retarget_lock_acquire_recursive
 .text.__retarget_lock_release_recursive
                0x0000000008002f3c        0x4 /Applications/Ac6/SystemWorkbench.app/Contents/Eclipse/plugins/fr.ac6.mcu.externaltools.arm-none.macos64_1.17.0.201812190825/tools/compiler/bin/../lib/gcc/arm-none-eabi/7.3.1/../../../../arm-none-eabi/lib/thumb/v6-m/libc.a(lib_a-lock.o)
                0x0000000008002f3c                __retarget_lock_release_recursive
 .text.__register_exitproc
                0x0000000008002f40       0xf4 /Applications/Ac6/SystemWorkbench.app/Contents/Eclipse/plugins/fr.ac6.mcu.externaltools.arm-none.macos64_1.17.0.201812190825/tools/compiler/bin/../lib/gcc/arm-none-eabi/7.3.1/../../../../arm-none-eabi/lib/thumb/v6-m/libc.a(lib_a-__atexit.o)
                0x0000000008002f40                __register_exitproc
 *(.glue_7)
 .glue_7        0x0000000008003034        0x0 linker stubs
 *(.glue_7t)
 .glue_7t       0x0000000008003034        0x0 linker stubs
 *(.eh_frame)
 .eh_frame      0x0000000008003034        0x0 /Applications/Ac6/SystemWorkbench.app/Contents/Eclipse/plugins/fr.ac6.mcu.externaltools.arm-none.macos64_1.17.0.201812190825/tools/compiler/bin/../lib/gcc/arm-none-eabi/7.3.1/thumb/v6-m/crtbegin.o
 *(.init)
 .init          0x0000000008003034        0x4 /Applications/Ac6/SystemWorkbench.app/Contents/Eclipse/plugins/fr.ac6.mcu.externaltools.arm-none.macos64_1.17.0.201812190825/tools/compiler/bin/../lib/gcc/arm-none-eabi/7.3.1/thumb/v6-m/crti.o
                0x0000000008003034                _init
 .init          0x0000000008003038        0x8 /Applications/Ac6/SystemWorkbench.app/Contents/Eclipse/plugins/fr.ac6.mcu.externaltools.arm-none.macos64_1.17.0.201812190825/tools/compiler/bin/../lib/gcc/arm-none-eabi/7.3.1/thumb/v6-m/crtn.o
 *(.fini)
 .fini          0x0000000008003040        0x4 /Applications/Ac6/SystemWorkbench.app/Contents/Eclipse/plugins/fr.ac6.mcu.externaltools.arm-none.macos64_1.17.0.201812190825/tools/compiler/bin/../lib/gcc/arm-none-eabi/7.3.1/thumb/v6-m/crti.o
                0x0000000008003040                _fini
 .fini          0x0000000008003044        0x8 /Applications/Ac6/SystemWorkbench.app/Contents/Eclipse/plugins/fr.ac6.mcu.externaltools.arm-none.macos64_1.17.0.201812190825/tools/compiler/bin/../lib/gcc/arm-none-eabi/7.3.1/thumb/v6-m/crtn.o
                0x000000000800304c                . = ALIGN (0x4)
                0x000000000800304c                _etext = .

.vfp11_veneer   0x000000000800304c        0x0
 .vfp11_veneer  0x000000000800304c        0x0 linker stubs

.v4_bx          0x000000000800304c        0x0
 .v4_bx         0x000000000800304c        0x0 linker stubs

.iplt           0x000000000800304c        0x0
 .iplt          0x000000000800304c        0x0 /Applications/Ac6/SystemWorkbench.app/Contents/Eclipse/plugins/fr.ac6.mcu.externaltools.arm-none.macos64_1.17.0.201812190825/tools/compiler/bin/../lib/gcc/arm-none-eabi/7.3.1/thumb/v6-m/crtbegin.o

.rodata         0x000000000800304c      0x238
                0x000000000800304c                . = ALIGN (0x4)
 *(.rodata)
 .rodata        0x000000000800304c       0x3e src/commands.o
 *(.rodata*)
 .rodata.str1.1
                0x000000000800308a       0x29 src/commands.o
 .rodata.str1.1
                0x00000000080030b3       0x23 src/usart.o
 .rodata.str1.1
                0x00000000080030d6       0x3c /Users/daymoon/Documents/workspace/stm32f0_stdperiph_lib/Debug/libstm32f0_stdperiph_lib.a(stm32f0xx_adc.o)
 .rodata.str1.1
                0x0000000008003112       0x3c /Users/daymoon/Documents/workspace/stm32f0_stdperiph_lib/Debug/libstm32f0_stdperiph_lib.a(stm32f0xx_dma.o)
 .rodata.str1.1
                0x000000000800314e       0x3d /Users/daymoon/Documents/workspace/stm32f0_stdperiph_lib/Debug/libstm32f0_stdperiph_lib.a(stm32f0xx_gpio.o)
 .rodata.str1.1
                0x000000000800318b       0x3d /Users/daymoon/Documents/workspace/stm32f0_stdperiph_lib/Debug/libstm32f0_stdperiph_lib.a(stm32f0xx_misc.o)
 .rodata.str1.1
                0x00000000080031c8       0x3c /Users/daymoon/Documents/workspace/stm32f0_stdperiph_lib/Debug/libstm32f0_stdperiph_lib.a(stm32f0xx_rcc.o)
 .rodata.str1.1
                0x0000000008003204       0x3c /Users/daymoon/Documents/workspace/stm32f0_stdperiph_lib/Debug/libstm32f0_stdperiph_lib.a(stm32f0xx_tim.o)
 .rodata.str1.1
                0x0000000008003240       0x3e /Users/daymoon/Documents/workspace/stm32f0_stdperiph_lib/Debug/libstm32f0_stdperiph_lib.a(stm32f0xx_usart.o)
 *fill*         0x000000000800327e        0x2 
 .rodata._global_impure_ptr
                0x0000000008003280        0x4 /Applications/Ac6/SystemWorkbench.app/Contents/Eclipse/plugins/fr.ac6.mcu.externaltools.arm-none.macos64_1.17.0.201812190825/tools/compiler/bin/../lib/gcc/arm-none-eabi/7.3.1/../../../../arm-none-eabi/lib/thumb/v6-m/libc.a(lib_a-impure.o)
                0x0000000008003280                _global_impure_ptr
                0x0000000008003284                . = ALIGN (0x4)

.rel.dyn        0x0000000008003284        0x0
 .rel.iplt      0x0000000008003284        0x0 /Applications/Ac6/SystemWorkbench.app/Contents/Eclipse/plugins/fr.ac6.mcu.externaltools.arm-none.macos64_1.17.0.201812190825/tools/compiler/bin/../lib/gcc/arm-none-eabi/7.3.1/thumb/v6-m/crtbegin.o

.ARM.extab      0x0000000008003284        0x0
                0x0000000008003284                . = ALIGN (0x4)
 *(.ARM.extab* .gnu.linkonce.armextab.*)
                0x0000000008003284                . = ALIGN (0x4)

.ARM            0x0000000008003284        0x0
                0x0000000008003284                . = ALIGN (0x4)
                0x0000000008003284                __exidx_start = .
 *(.ARM.exidx*)
                0x0000000008003284                __exidx_end = .
                0x0000000008003284                . = ALIGN (0x4)

.preinit_array  0x0000000008003284        0x0
                0x0000000008003284                . = ALIGN (0x4)
                0x0000000008003284                PROVIDE (__preinit_array_start = .)
 *(.preinit_array*)
                0x0000000008003284                PROVIDE (__preinit_array_end = .)
                0x0000000008003284                . = ALIGN (0x4)

.init_array     0x0000000008003284        0x8
                0x0000000008003284                . = ALIGN (0x4)
                0x0000000008003284                PROVIDE (__init_array_start = .)
 *(SORT_BY_NAME(.init_array.*))
 .init_array.00000
                0x0000000008003284        0x4 /Applications/Ac6/SystemWorkbench.app/Contents/Eclipse/plugins/fr.ac6.mcu.externaltools.arm-none.macos64_1.17.0.201812190825/tools/compiler/bin/../lib/gcc/arm-none-eabi/7.3.1/../../../../arm-none-eabi/lib/thumb/v6-m/libc.a(lib_a-__call_atexit.o)
 *(.init_array*)
 .init_array    0x0000000008003288        0x4 /Applications/Ac6/SystemWorkbench.app/Contents/Eclipse/plugins/fr.ac6.mcu.externaltools.arm-none.macos64_1.17.0.201812190825/tools/compiler/bin/../lib/gcc/arm-none-eabi/7.3.1/thumb/v6-m/crtbegin.o
                0x000000000800328c                PROVIDE (__init_array_end = .)
                0x000000000800328c                . = ALIGN (0x4)

.fini_array     0x000000000800328c        0x4
                0x000000000800328c                . = ALIGN (0x4)
                0x000000000800328c                PROVIDE (__fini_array_start = .)
 *(SORT_BY_NAME(.fini_array.*))
 *(.fini_array*)
 .fini_array    0x000000000800328c        0x4 /Applications/Ac6/SystemWorkbench.app/Contents/Eclipse/plugins/fr.ac6.mcu.externaltools.arm-none.macos64_1.17.0.201812190825/tools/compiler/bin/../lib/gcc/arm-none-eabi/7.3.1/thumb/v6-m/crtbegin.o
                0x0000000008003290                PROVIDE (__fini_array_end = .)
                0x0000000008003290                . = ALIGN (0x4)
                0x0000000008003290                _sidata = LOADADDR (.data)

.data           0x0000000020000000      0x4ec load address 0x0000000008003290
                0x0000000020000000                . = ALIGN (0x4)
                0x0000000020000000                _sdata = .
 *(.data)
 .data          0x0000000020000000       0x6c src/commands.o
 .data          0x000000002000006c       0x2a src/powerbit.o
 *fill*         0x0000000020000096        0x2 
 .data          0x0000000020000098       0x14 src/system_stm32f0xx.o
                0x0000000020000098                SystemCoreClock
                0x000000002000009c                AHBPrescTable
 .data          0x00000000200000ac       0x10 /Users/daymoon/Documents/workspace/stm32f0_stdperiph_lib/Debug/libstm32f0_stdperiph_lib.a(stm32f0xx_rcc.o)
 *(.data*)
 *fill*         0x00000000200000bc        0x4 
 .data.impure_data
                0x00000000200000c0      0x428 /Applications/Ac6/SystemWorkbench.app/Contents/Eclipse/plugins/fr.ac6.mcu.externaltools.arm-none.macos64_1.17.0.201812190825/tools/compiler/bin/../lib/gcc/arm-none-eabi/7.3.1/../../../../arm-none-eabi/lib/thumb/v6-m/libc.a(lib_a-impure.o)
 .data.__atexit_recursive_mutex
                0x00000000200004e8        0x4 /Applications/Ac6/SystemWorkbench.app/Contents/Eclipse/plugins/fr.ac6.mcu.externaltools.arm-none.macos64_1.17.0.201812190825/tools/compiler/bin/../lib/gcc/arm-none-eabi/7.3.1/../../../../arm-none-eabi/lib/thumb/v6-m/libc.a(lib_a-__call_atexit.o)
                0x00000000200004e8                __atexit_recursive_mutex
                0x00000000200004ec                . = ALIGN (0x4)
                0x00000000200004ec                _edata = .

.igot.plt       0x00000000200004ec        0x0 load address 0x000000000800377c
 .igot.plt      0x00000000200004ec        0x0 /Applications/Ac6/SystemWorkbench.app/Contents/Eclipse/plugins/fr.ac6.mcu.externaltools.arm-none.macos64_1.17.0.201812190825/tools/compiler/bin/../lib/gcc/arm-none-eabi/7.3.1/thumb/v6-m/crtbegin.o
                0x00000000200004ec                . = ALIGN (0x4)

.bss            0x00000000200004ec      0x340 load address 0x000000000800377c
                0x00000000200004ec                _sbss = .
                0x00000000200004ec                __bss_start__ = _sbss
 *(.bss)
 .bss           0x00000000200004ec       0x1c /Applications/Ac6/SystemWorkbench.app/Contents/Eclipse/plugins/fr.ac6.mcu.externaltools.arm-none.macos64_1.17.0.201812190825/tools/compiler/bin/../lib/gcc/arm-none-eabi/7.3.1/thumb/v6-m/crtbegin.o
 .bss           0x0000000020000508      0x134 src/powerbit.o
 .bss           0x000000002000063c      0x168 src/scheduler.o
 *(.bss*)
 *(COMMON)
 COMMON         0x00000000200007a4       0x64 src/usart.o
                0x00000000200007a4                Rx
                0x00000000200007d6                Tx
 COMMON         0x0000000020000808       0x21 /Applications/Ac6/SystemWorkbench.app/Contents/Eclipse/plugins/fr.ac6.mcu.externaltools.arm-none.macos64_1.17.0.201812190825/tools/compiler/bin/../lib/gcc/arm-none-eabi/7.3.1/../../../../arm-none-eabi/lib/thumb/v6-m/libc.a(lib_a-lock.o)
                0x0000000020000808                __lock___atexit_recursive_mutex
                0x000000002000080c                __lock___arc4random_mutex
                0x0000000020000810                __lock___env_recursive_mutex
                0x0000000020000814                __lock___sinit_recursive_mutex
                0x0000000020000818                __lock___malloc_recursive_mutex
                0x000000002000081c                __lock___at_quick_exit_mutex
                0x0000000020000820                __lock___dd_hash_mutex
                0x0000000020000824                __lock___tz_mutex
                0x0000000020000828                __lock___sfp_recursive_mutex
                0x000000002000082c                . = ALIGN (0x4)
 *fill*         0x0000000020000829        0x3 
                0x000000002000082c                _ebss = .
                0x000000002000082c                __bss_end__ = _ebss

._user_heap_stack
                0x000000002000082c      0x404 load address 0x000000000800377c
                0x0000000020000830                . = ALIGN (0x8)
 *fill*         0x000000002000082c        0x4 
                0x0000000020000830                PROVIDE (end = .)
                [!provide]                        PROVIDE (_end = .)
                0x0000000020000830                . = (. + _Min_Heap_Size)
                0x0000000020000c30                . = (. + _Min_Stack_Size)
 *fill*         0x0000000020000830      0x400 
                0x0000000020000c30                . = ALIGN (0x8)

/DISCARD/
 libc.a(*)
 libm.a(*)
 libgcc.a(*)

.ARM.attributes
                0x0000000000000000       0x28
 *(.ARM.attributes)
 .ARM.attributes
                0x0000000000000000       0x1e /Applications/Ac6/SystemWorkbench.app/Contents/Eclipse/plugins/fr.ac6.mcu.externaltools.arm-none.macos64_1.17.0.201812190825/tools/compiler/bin/../lib/gcc/arm-none-eabi/7.3.1/thumb/v6-m/crti.o
 .ARM.attributes
                0x000000000000001e       0x2c /Applications/Ac6/SystemWorkbench.app/Contents/Eclipse/plugins/fr.ac6.mcu.externaltools.arm-none.macos64_1.17.0.201812190825/tools/compiler/bin/../lib/gcc/arm-none-eabi/7.3.1/thumb/v6-m/crtbegin.o
 .ARM.attributes
                0x000000000000004a       0x31 src/commands.o
 .ARM.attributes
                0x000000000000007b       0x31 src/leds.o
 .ARM.attributes
                0x00000000000000ac       0x31 src/main.o
 .ARM.attributes
                0x00000000000000dd       0x31 src/powerbit.o
 .ARM.attributes
                0x000000000000010e       0x31 src/scheduler.o
 .ARM.attributes
                0x000000000000013f       0x31 src/services.o
 .ARM.attributes
                0x0000000000000170       0x31 src/stm32f0xx_it.o
 .ARM.attributes
                0x00000000000001a1       0x31 src/system_stm32f0xx.o
 .ARM.attributes
                0x00000000000001d2       0x31 src/usart.o
 .ARM.attributes
                0x0000000000000203       0x21 startup/startup_stm32.o
 .ARM.attributes
                0x0000000000000224       0x31 /Users/daymoon/Documents/workspace/stm32f0_stdperiph_lib/Debug/libstm32f0_stdperiph_lib.a(stm32f0xx_adc.o)
 .ARM.attributes
                0x0000000000000255       0x31 /Users/daymoon/Documents/workspace/stm32f0_stdperiph_lib/Debug/libstm32f0_stdperiph_lib.a(stm32f0xx_dma.o)
 .ARM.attributes
                0x0000000000000286       0x31 /Users/daymoon/Documents/workspace/stm32f0_stdperiph_lib/Debug/libstm32f0_stdperiph_lib.a(stm32f0xx_gpio.o)
 .ARM.attributes
                0x00000000000002b7       0x31 /Users/daymoon/Documents/workspace/stm32f0_stdperiph_lib/Debug/libstm32f0_stdperiph_lib.a(stm32f0xx_misc.o)
 .ARM.attributes
                0x00000000000002e8       0x31 /Users/daymoon/Documents/workspace/stm32f0_stdperiph_lib/Debug/libstm32f0_stdperiph_lib.a(stm32f0xx_rcc.o)
 .ARM.attributes
                0x0000000000000319       0x31 /Users/daymoon/Documents/workspace/stm32f0_stdperiph_lib/Debug/libstm32f0_stdperiph_lib.a(stm32f0xx_tim.o)
 .ARM.attributes
                0x000000000000034a       0x31 /Users/daymoon/Documents/workspace/stm32f0_stdperiph_lib/Debug/libstm32f0_stdperiph_lib.a(stm32f0xx_usart.o)
 .ARM.attributes
                0x000000000000037b       0x1e /Applications/Ac6/SystemWorkbench.app/Contents/Eclipse/plugins/fr.ac6.mcu.externaltools.arm-none.macos64_1.17.0.201812190825/tools/compiler/bin/../lib/gcc/arm-none-eabi/7.3.1/thumb/v6-m/libgcc.a(_udivsi3.o)
 .ARM.attributes
                0x0000000000000399       0x1e /Applications/Ac6/SystemWorkbench.app/Contents/Eclipse/plugins/fr.ac6.mcu.externaltools.arm-none.macos64_1.17.0.201812190825/tools/compiler/bin/../lib/gcc/arm-none-eabi/7.3.1/thumb/v6-m/libgcc.a(_divsi3.o)
 .ARM.attributes
                0x00000000000003b7       0x1e /Applications/Ac6/SystemWorkbench.app/Contents/Eclipse/plugins/fr.ac6.mcu.externaltools.arm-none.macos64_1.17.0.201812190825/tools/compiler/bin/../lib/gcc/arm-none-eabi/7.3.1/thumb/v6-m/libgcc.a(_dvmd_tls.o)
 .ARM.attributes
                0x00000000000003d5       0x2c /Applications/Ac6/SystemWorkbench.app/Contents/Eclipse/plugins/fr.ac6.mcu.externaltools.arm-none.macos64_1.17.0.201812190825/tools/compiler/bin/../lib/gcc/arm-none-eabi/7.3.1/../../../../arm-none-eabi/lib/thumb/v6-m/libc.a(lib_a-impure.o)
 .ARM.attributes
                0x0000000000000401       0x2c /Applications/Ac6/SystemWorkbench.app/Contents/Eclipse/plugins/fr.ac6.mcu.externaltools.arm-none.macos64_1.17.0.201812190825/tools/compiler/bin/../lib/gcc/arm-none-eabi/7.3.1/../../../../arm-none-eabi/lib/thumb/v6-m/libc.a(lib_a-init.o)
 .ARM.attributes
                0x000000000000042d       0x2c /Applications/Ac6/SystemWorkbench.app/Contents/Eclipse/plugins/fr.ac6.mcu.externaltools.arm-none.macos64_1.17.0.201812190825/tools/compiler/bin/../lib/gcc/arm-none-eabi/7.3.1/../../../../arm-none-eabi/lib/thumb/v6-m/libc.a(lib_a-memcpy-stub.o)
 .ARM.attributes
                0x0000000000000459       0x2c /Applications/Ac6/SystemWorkbench.app/Contents/Eclipse/plugins/fr.ac6.mcu.externaltools.arm-none.macos64_1.17.0.201812190825/tools/compiler/bin/../lib/gcc/arm-none-eabi/7.3.1/../../../../arm-none-eabi/lib/thumb/v6-m/libc.a(lib_a-strcpy.o)
 .ARM.attributes
                0x0000000000000485       0x2c /Applications/Ac6/SystemWorkbench.app/Contents/Eclipse/plugins/fr.ac6.mcu.externaltools.arm-none.macos64_1.17.0.201812190825/tools/compiler/bin/../lib/gcc/arm-none-eabi/7.3.1/../../../../arm-none-eabi/lib/thumb/v6-m/libc.a(lib_a-__call_atexit.o)
 .ARM.attributes
                0x00000000000004b1       0x2c /Applications/Ac6/SystemWorkbench.app/Contents/Eclipse/plugins/fr.ac6.mcu.externaltools.arm-none.macos64_1.17.0.201812190825/tools/compiler/bin/../lib/gcc/arm-none-eabi/7.3.1/../../../../arm-none-eabi/lib/thumb/v6-m/libc.a(lib_a-atexit.o)
 .ARM.attributes
                0x00000000000004dd       0x2c /Applications/Ac6/SystemWorkbench.app/Contents/Eclipse/plugins/fr.ac6.mcu.externaltools.arm-none.macos64_1.17.0.201812190825/tools/compiler/bin/../lib/gcc/arm-none-eabi/7.3.1/../../../../arm-none-eabi/lib/thumb/v6-m/libc.a(lib_a-fini.o)
 .ARM.attributes
                0x0000000000000509       0x2c /Applications/Ac6/SystemWorkbench.app/Contents/Eclipse/plugins/fr.ac6.mcu.externaltools.arm-none.macos64_1.17.0.201812190825/tools/compiler/bin/../lib/gcc/arm-none-eabi/7.3.1/../../../../arm-none-eabi/lib/thumb/v6-m/libc.a(lib_a-lock.o)
 .ARM.attributes
                0x0000000000000535       0x2c /Applications/Ac6/SystemWorkbench.app/Contents/Eclipse/plugins/fr.ac6.mcu.externaltools.arm-none.macos64_1.17.0.201812190825/tools/compiler/bin/../lib/gcc/arm-none-eabi/7.3.1/../../../../arm-none-eabi/lib/thumb/v6-m/libc.a(lib_a-__atexit.o)
 .ARM.attributes
                0x0000000000000561       0x1e /Applications/Ac6/SystemWorkbench.app/Contents/Eclipse/plugins/fr.ac6.mcu.externaltools.arm-none.macos64_1.17.0.201812190825/tools/compiler/bin/../lib/gcc/arm-none-eabi/7.3.1/thumb/v6-m/crtn.o
OUTPUT(DigitalBit.elf elf32-littlearm)

.debug_info     0x0000000000000000    0x100db
 .debug_info    0x0000000000000000     0x1600 src/commands.o
 .debug_info    0x0000000000001600      0xba3 src/leds.o
 .debug_info    0x00000000000021a3      0x998 src/main.o
 .debug_info    0x0000000000002b3b     0x1d0c src/powerbit.o
 .debug_info    0x0000000000004847      0x637 src/scheduler.o
 .debug_info    0x0000000000004e7e      0xad3 src/services.o
 .debug_info    0x0000000000005951      0xc48 src/stm32f0xx_it.o
 .debug_info    0x0000000000006599      0x2f5 src/system_stm32f0xx.o
 .debug_info    0x000000000000688e     0x1127 src/usart.o
 .debug_info    0x00000000000079b5       0x22 startup/startup_stm32.o
 .debug_info    0x00000000000079d7      0xfd1 /Users/daymoon/Documents/workspace/stm32f0_stdperiph_lib/Debug/libstm32f0_stdperiph_lib.a(stm32f0xx_adc.o)
 .debug_info    0x00000000000089a8      0x78f /Users/daymoon/Documents/workspace/stm32f0_stdperiph_lib/Debug/libstm32f0_stdperiph_lib.a(stm32f0xx_dma.o)
 .debug_info    0x0000000000009137      0x9a9 /Users/daymoon/Documents/workspace/stm32f0_stdperiph_lib/Debug/libstm32f0_stdperiph_lib.a(stm32f0xx_gpio.o)
 .debug_info    0x0000000000009ae0      0x405 /Users/daymoon/Documents/workspace/stm32f0_stdperiph_lib/Debug/libstm32f0_stdperiph_lib.a(stm32f0xx_misc.o)
 .debug_info    0x0000000000009ee5      0xf8f /Users/daymoon/Documents/workspace/stm32f0_stdperiph_lib/Debug/libstm32f0_stdperiph_lib.a(stm32f0xx_rcc.o)
 .debug_info    0x000000000000ae74     0x3759 /Users/daymoon/Documents/workspace/stm32f0_stdperiph_lib/Debug/libstm32f0_stdperiph_lib.a(stm32f0xx_tim.o)
 .debug_info    0x000000000000e5cd     0x1b0e /Users/daymoon/Documents/workspace/stm32f0_stdperiph_lib/Debug/libstm32f0_stdperiph_lib.a(stm32f0xx_usart.o)

.debug_abbrev   0x0000000000000000     0x2391
 .debug_abbrev  0x0000000000000000      0x3d3 src/commands.o
 .debug_abbrev  0x00000000000003d3      0x231 src/leds.o
 .debug_abbrev  0x0000000000000604      0x1f3 src/main.o
 .debug_abbrev  0x00000000000007f7      0x350 src/powerbit.o
 .debug_abbrev  0x0000000000000b47      0x252 src/scheduler.o
 .debug_abbrev  0x0000000000000d99      0x222 src/services.o
 .debug_abbrev  0x0000000000000fbb      0x256 src/stm32f0xx_it.o
 .debug_abbrev  0x0000000000001211      0x150 src/system_stm32f0xx.o
 .debug_abbrev  0x0000000000001361      0x2cc src/usart.o
 .debug_abbrev  0x000000000000162d       0x12 startup/startup_stm32.o
 .debug_abbrev  0x000000000000163f      0x1c5 /Users/daymoon/Documents/workspace/stm32f0_stdperiph_lib/Debug/libstm32f0_stdperiph_lib.a(stm32f0xx_adc.o)
 .debug_abbrev  0x0000000000001804      0x1b4 /Users/daymoon/Documents/workspace/stm32f0_stdperiph_lib/Debug/libstm32f0_stdperiph_lib.a(stm32f0xx_dma.o)
 .debug_abbrev  0x00000000000019b8      0x1f6 /Users/daymoon/Documents/workspace/stm32f0_stdperiph_lib/Debug/libstm32f0_stdperiph_lib.a(stm32f0xx_gpio.o)
 .debug_abbrev  0x0000000000001bae      0x17a /Users/daymoon/Documents/workspace/stm32f0_stdperiph_lib/Debug/libstm32f0_stdperiph_lib.a(stm32f0xx_misc.o)
 .debug_abbrev  0x0000000000001d28      0x24a /Users/daymoon/Documents/workspace/stm32f0_stdperiph_lib/Debug/libstm32f0_stdperiph_lib.a(stm32f0xx_rcc.o)
 .debug_abbrev  0x0000000000001f72      0x238 /Users/daymoon/Documents/workspace/stm32f0_stdperiph_lib/Debug/libstm32f0_stdperiph_lib.a(stm32f0xx_tim.o)
 .debug_abbrev  0x00000000000021aa      0x1e7 /Users/daymoon/Documents/workspace/stm32f0_stdperiph_lib/Debug/libstm32f0_stdperiph_lib.a(stm32f0xx_usart.o)

.debug_loc      0x0000000000000000     0x6e31
 .debug_loc     0x0000000000000000      0x630 src/commands.o
 .debug_loc     0x0000000000000630       0x4d src/powerbit.o
 .debug_loc     0x000000000000067d      0x1f1 src/scheduler.o
 .debug_loc     0x000000000000086e       0xff src/system_stm32f0xx.o
 .debug_loc     0x000000000000096d       0x2c src/usart.o
 .debug_loc     0x0000000000000999      0xb88 /Users/daymoon/Documents/workspace/stm32f0_stdperiph_lib/Debug/libstm32f0_stdperiph_lib.a(stm32f0xx_adc.o)
 .debug_loc     0x0000000000001521      0x4cc /Users/daymoon/Documents/workspace/stm32f0_stdperiph_lib/Debug/libstm32f0_stdperiph_lib.a(stm32f0xx_dma.o)
 .debug_loc     0x00000000000019ed      0x4f1 /Users/daymoon/Documents/workspace/stm32f0_stdperiph_lib/Debug/libstm32f0_stdperiph_lib.a(stm32f0xx_gpio.o)
 .debug_loc     0x0000000000001ede      0x10e /Users/daymoon/Documents/workspace/stm32f0_stdperiph_lib/Debug/libstm32f0_stdperiph_lib.a(stm32f0xx_misc.o)
 .debug_loc     0x0000000000001fec      0xd09 /Users/daymoon/Documents/workspace/stm32f0_stdperiph_lib/Debug/libstm32f0_stdperiph_lib.a(stm32f0xx_rcc.o)
 .debug_loc     0x0000000000002cf5     0x2b73 /Users/daymoon/Documents/workspace/stm32f0_stdperiph_lib/Debug/libstm32f0_stdperiph_lib.a(stm32f0xx_tim.o)
 .debug_loc     0x0000000000005868     0x15c9 /Users/daymoon/Documents/workspace/stm32f0_stdperiph_lib/Debug/libstm32f0_stdperiph_lib.a(stm32f0xx_usart.o)

.debug_aranges  0x0000000000000000      0xb20
 .debug_aranges
                0x0000000000000000       0x88 src/commands.o
 .debug_aranges
                0x0000000000000088       0x20 src/leds.o
 .debug_aranges
                0x00000000000000a8       0x28 src/main.o
 .debug_aranges
                0x00000000000000d0       0xc0 src/powerbit.o
 .debug_aranges
                0x0000000000000190       0x58 src/scheduler.o
 .debug_aranges
                0x00000000000001e8       0x38 src/services.o
 .debug_aranges
                0x0000000000000220       0x50 src/stm32f0xx_it.o
 .debug_aranges
                0x0000000000000270       0x28 src/system_stm32f0xx.o
 .debug_aranges
                0x0000000000000298       0x40 src/usart.o
 .debug_aranges
                0x00000000000002d8       0x28 startup/startup_stm32.o
 .debug_aranges
                0x0000000000000300      0x108 /Users/daymoon/Documents/workspace/stm32f0_stdperiph_lib/Debug/libstm32f0_stdperiph_lib.a(stm32f0xx_adc.o)
 .debug_aranges
                0x0000000000000408       0x78 /Users/daymoon/Documents/workspace/stm32f0_stdperiph_lib/Debug/libstm32f0_stdperiph_lib.a(stm32f0xx_dma.o)
 .debug_aranges
                0x0000000000000480       0x80 /Users/daymoon/Documents/workspace/stm32f0_stdperiph_lib/Debug/libstm32f0_stdperiph_lib.a(stm32f0xx_gpio.o)
 .debug_aranges
                0x0000000000000500       0x30 /Users/daymoon/Documents/workspace/stm32f0_stdperiph_lib/Debug/libstm32f0_stdperiph_lib.a(stm32f0xx_misc.o)
 .debug_aranges
                0x0000000000000530      0x160 /Users/daymoon/Documents/workspace/stm32f0_stdperiph_lib/Debug/libstm32f0_stdperiph_lib.a(stm32f0xx_rcc.o)
 .debug_aranges
                0x0000000000000690      0x2f0 /Users/daymoon/Documents/workspace/stm32f0_stdperiph_lib/Debug/libstm32f0_stdperiph_lib.a(stm32f0xx_tim.o)
 .debug_aranges
                0x0000000000000980      0x1a0 /Users/daymoon/Documents/workspace/stm32f0_stdperiph_lib/Debug/libstm32f0_stdperiph_lib.a(stm32f0xx_usart.o)

.debug_ranges   0x0000000000000000      0xb10
 .debug_ranges  0x0000000000000000       0xf0 src/commands.o
 .debug_ranges  0x00000000000000f0       0x10 src/leds.o
 .debug_ranges  0x0000000000000100       0x18 src/main.o
 .debug_ranges  0x0000000000000118       0xb0 src/powerbit.o
 .debug_ranges  0x00000000000001c8       0x88 src/scheduler.o
 .debug_ranges  0x0000000000000250       0x28 src/services.o
 .debug_ranges  0x0000000000000278       0x40 src/stm32f0xx_it.o
 .debug_ranges  0x00000000000002b8       0x18 src/system_stm32f0xx.o
 .debug_ranges  0x00000000000002d0       0x30 src/usart.o
 .debug_ranges  0x0000000000000300       0x20 startup/startup_stm32.o
 .debug_ranges  0x0000000000000320       0xf8 /Users/daymoon/Documents/workspace/stm32f0_stdperiph_lib/Debug/libstm32f0_stdperiph_lib.a(stm32f0xx_adc.o)
 .debug_ranges  0x0000000000000418       0x68 /Users/daymoon/Documents/workspace/stm32f0_stdperiph_lib/Debug/libstm32f0_stdperiph_lib.a(stm32f0xx_dma.o)
 .debug_ranges  0x0000000000000480       0x70 /Users/daymoon/Documents/workspace/stm32f0_stdperiph_lib/Debug/libstm32f0_stdperiph_lib.a(stm32f0xx_gpio.o)
 .debug_ranges  0x00000000000004f0       0x20 /Users/daymoon/Documents/workspace/stm32f0_stdperiph_lib/Debug/libstm32f0_stdperiph_lib.a(stm32f0xx_misc.o)
 .debug_ranges  0x0000000000000510      0x150 /Users/daymoon/Documents/workspace/stm32f0_stdperiph_lib/Debug/libstm32f0_stdperiph_lib.a(stm32f0xx_rcc.o)
 .debug_ranges  0x0000000000000660      0x320 /Users/daymoon/Documents/workspace/stm32f0_stdperiph_lib/Debug/libstm32f0_stdperiph_lib.a(stm32f0xx_tim.o)
 .debug_ranges  0x0000000000000980      0x190 /Users/daymoon/Documents/workspace/stm32f0_stdperiph_lib/Debug/libstm32f0_stdperiph_lib.a(stm32f0xx_usart.o)

.debug_macro    0x0000000000000000    0x174e2
 .debug_macro   0x0000000000000000      0x420 src/commands.o
 .debug_macro   0x0000000000000420      0xa5a src/commands.o
 .debug_macro   0x0000000000000e7a       0x87 src/commands.o
 .debug_macro   0x0000000000000f01       0x3a src/commands.o
 .debug_macro   0x0000000000000f3b       0x22 src/commands.o
 .debug_macro   0x0000000000000f5d       0x8e src/commands.o
 .debug_macro   0x0000000000000feb       0x51 src/commands.o
 .debug_macro   0x000000000000103c       0xef src/commands.o
 .debug_macro   0x000000000000112b       0x6a src/commands.o
 .debug_macro   0x0000000000001195      0x1df src/commands.o
 .debug_macro   0x0000000000001374       0x1f src/commands.o
 .debug_macro   0x0000000000001393      0x242 src/commands.o
 .debug_macro   0x00000000000015d5     0x62f2 src/commands.o
 .debug_macro   0x00000000000078c7      0x2eb src/commands.o
 .debug_macro   0x0000000000007bb2      0x3cf src/commands.o
 .debug_macro   0x0000000000007f81      0x191 src/commands.o
 .debug_macro   0x0000000000008112       0x46 src/commands.o
 .debug_macro   0x0000000000008158       0xd9 src/commands.o
 .debug_macro   0x0000000000008231       0xef src/commands.o
 .debug_macro   0x0000000000008320      0x184 src/commands.o
 .debug_macro   0x00000000000084a4       0x7c src/commands.o
 .debug_macro   0x0000000000008520      0x85b src/commands.o
 .debug_macro   0x0000000000008d7b       0xd5 src/commands.o
 .debug_macro   0x0000000000008e50      0x2b7 src/commands.o
 .debug_macro   0x0000000000009107      0x185 src/commands.o
 .debug_macro   0x000000000000928c      0x471 src/commands.o
 .debug_macro   0x00000000000096fd      0x2a0 src/commands.o
 .debug_macro   0x000000000000999d       0x70 src/commands.o
 .debug_macro   0x0000000000009a0d       0xdf src/commands.o
 .debug_macro   0x0000000000009aec      0x561 src/commands.o
 .debug_macro   0x000000000000a04d      0x4c5 src/commands.o
 .debug_macro   0x000000000000a512      0x396 src/commands.o
 .debug_macro   0x000000000000a8a8      0x750 src/commands.o
 .debug_macro   0x000000000000aff8      0x356 src/commands.o
 .debug_macro   0x000000000000b34e       0x34 src/commands.o
 .debug_macro   0x000000000000b382       0x3a src/commands.o
 .debug_macro   0x000000000000b3bc       0x10 src/commands.o
 .debug_macro   0x000000000000b3cc       0x64 src/commands.o
 .debug_macro   0x000000000000b430       0x6a src/commands.o
 .debug_macro   0x000000000000b49a       0x16 src/commands.o
 .debug_macro   0x000000000000b4b0       0x10 src/commands.o
 .debug_macro   0x000000000000b4c0       0x22 src/commands.o
 .debug_macro   0x000000000000b4e2       0x28 src/commands.o
 .debug_macro   0x000000000000b50a       0x5e src/commands.o
 .debug_macro   0x000000000000b568       0x18 src/commands.o
 .debug_macro   0x000000000000b580       0x35 src/commands.o
 .debug_macro   0x000000000000b5b5       0x34 src/commands.o
 .debug_macro   0x000000000000b5e9       0x16 src/commands.o
 .debug_macro   0x000000000000b5ff       0x97 src/commands.o
 .debug_macro   0x000000000000b696      0x330 src/commands.o
 .debug_macro   0x000000000000b9c6       0xfd src/commands.o
 .debug_macro   0x000000000000bac3       0x10 src/commands.o
 .debug_macro   0x000000000000bad3       0x58 src/commands.o
 .debug_macro   0x000000000000bb2b       0x1f src/commands.o
 .debug_macro   0x000000000000bb4a       0x43 src/commands.o
 .debug_macro   0x000000000000bb8d       0x20 src/commands.o
 .debug_macro   0x000000000000bbad      0x18e src/commands.o
 .debug_macro   0x000000000000bd3b       0x10 src/commands.o
 .debug_macro   0x000000000000bd4b       0x1c src/commands.o
 .debug_macro   0x000000000000bd67       0x52 src/commands.o
 .debug_macro   0x000000000000bdb9       0x40 src/commands.o
 .debug_macro   0x000000000000bdf9       0x10 src/commands.o
 .debug_macro   0x000000000000be09       0x40 src/commands.o
 .debug_macro   0x000000000000be49       0xd7 src/commands.o
 .debug_macro   0x000000000000bf20       0x1c src/commands.o
 .debug_macro   0x000000000000bf3c       0x3d src/commands.o
 .debug_macro   0x000000000000bf79       0x16 src/commands.o
 .debug_macro   0x000000000000bf8f      0x16f src/commands.o
 .debug_macro   0x000000000000c0fe      0x166 src/commands.o
 .debug_macro   0x000000000000c264       0x16 src/commands.o
 .debug_macro   0x000000000000c27a       0x35 src/commands.o
 .debug_macro   0x000000000000c2af      0x356 src/leds.o
 .debug_macro   0x000000000000c605      0x360 src/main.o
 .debug_macro   0x000000000000c965      0x350 src/powerbit.o
 .debug_macro   0x000000000000ccb5      0x1a0 src/scheduler.o
 .debug_macro   0x000000000000ce55       0x22 src/scheduler.o
 .debug_macro   0x000000000000ce77      0x352 src/services.o
 .debug_macro   0x000000000000d1c9      0x373 src/stm32f0xx_it.o
 .debug_macro   0x000000000000d53c       0x22 src/stm32f0xx_it.o
 .debug_macro   0x000000000000d55e      0x18e src/system_stm32f0xx.o
 .debug_macro   0x000000000000d6ec      0x261 src/usart.o
 .debug_macro   0x000000000000d94d       0x64 src/usart.o
 .debug_macro   0x000000000000d9b1      0x174 src/usart.o
 .debug_macro   0x000000000000db25       0x10 src/usart.o
 .debug_macro   0x000000000000db35      0x1a2 /Users/daymoon/Documents/workspace/stm32f0_stdperiph_lib/Debug/libstm32f0_stdperiph_lib.a(stm32f0xx_adc.o)
 .debug_macro   0x000000000000dcd7      0xa60 /Users/daymoon/Documents/workspace/stm32f0_stdperiph_lib/Debug/libstm32f0_stdperiph_lib.a(stm32f0xx_adc.o)
 .debug_macro   0x000000000000e737       0x87 /Users/daymoon/Documents/workspace/stm32f0_stdperiph_lib/Debug/libstm32f0_stdperiph_lib.a(stm32f0xx_adc.o)
 .debug_macro   0x000000000000e7be     0x6300 /Users/daymoon/Documents/workspace/stm32f0_stdperiph_lib/Debug/libstm32f0_stdperiph_lib.a(stm32f0xx_adc.o)
 .debug_macro   0x0000000000014abe      0x3c9 /Users/daymoon/Documents/workspace/stm32f0_stdperiph_lib/Debug/libstm32f0_stdperiph_lib.a(stm32f0xx_adc.o)
 .debug_macro   0x0000000000014e87      0x240 /Users/daymoon/Documents/workspace/stm32f0_stdperiph_lib/Debug/libstm32f0_stdperiph_lib.a(stm32f0xx_adc.o)
 .debug_macro   0x00000000000150c7      0x1e6 /Users/daymoon/Documents/workspace/stm32f0_stdperiph_lib/Debug/libstm32f0_stdperiph_lib.a(stm32f0xx_dma.o)
 .debug_macro   0x00000000000152ad      0x855 /Users/daymoon/Documents/workspace/stm32f0_stdperiph_lib/Debug/libstm32f0_stdperiph_lib.a(stm32f0xx_dma.o)
 .debug_macro   0x0000000000015b02      0x196 /Users/daymoon/Documents/workspace/stm32f0_stdperiph_lib/Debug/libstm32f0_stdperiph_lib.a(stm32f0xx_gpio.o)
 .debug_macro   0x0000000000015c98      0x17f /Users/daymoon/Documents/workspace/stm32f0_stdperiph_lib/Debug/libstm32f0_stdperiph_lib.a(stm32f0xx_gpio.o)
 .debug_macro   0x0000000000015e17      0x192 /Users/daymoon/Documents/workspace/stm32f0_stdperiph_lib/Debug/libstm32f0_stdperiph_lib.a(stm32f0xx_misc.o)
 .debug_macro   0x0000000000015fa9       0x34 /Users/daymoon/Documents/workspace/stm32f0_stdperiph_lib/Debug/libstm32f0_stdperiph_lib.a(stm32f0xx_misc.o)
 .debug_macro   0x0000000000015fdd      0x1b0 /Users/daymoon/Documents/workspace/stm32f0_stdperiph_lib/Debug/libstm32f0_stdperiph_lib.a(stm32f0xx_rcc.o)
 .debug_macro   0x000000000001618d      0x55b /Users/daymoon/Documents/workspace/stm32f0_stdperiph_lib/Debug/libstm32f0_stdperiph_lib.a(stm32f0xx_rcc.o)
 .debug_macro   0x00000000000166e8      0x1b2 /Users/daymoon/Documents/workspace/stm32f0_stdperiph_lib/Debug/libstm32f0_stdperiph_lib.a(stm32f0xx_tim.o)
 .debug_macro   0x000000000001689a      0x74a /Users/daymoon/Documents/workspace/stm32f0_stdperiph_lib/Debug/libstm32f0_stdperiph_lib.a(stm32f0xx_tim.o)
 .debug_macro   0x0000000000016fe4      0x1ae /Users/daymoon/Documents/workspace/stm32f0_stdperiph_lib/Debug/libstm32f0_stdperiph_lib.a(stm32f0xx_usart.o)
 .debug_macro   0x0000000000017192      0x350 /Users/daymoon/Documents/workspace/stm32f0_stdperiph_lib/Debug/libstm32f0_stdperiph_lib.a(stm32f0xx_usart.o)

.debug_line     0x0000000000000000     0xbbf9
 .debug_line    0x0000000000000000      0xac3 src/commands.o
 .debug_line    0x0000000000000ac3      0x87d src/leds.o
 .debug_line    0x0000000000001340      0x884 src/main.o
 .debug_line    0x0000000000001bc4      0xb26 src/powerbit.o
 .debug_line    0x00000000000026ea      0x806 src/scheduler.o
 .debug_line    0x0000000000002ef0      0x8a3 src/services.o
 .debug_line    0x0000000000003793      0x913 src/stm32f0xx_it.o
 .debug_line    0x00000000000040a6      0x722 src/system_stm32f0xx.o
 .debug_line    0x00000000000047c8      0x826 src/usart.o
 .debug_line    0x0000000000004fee       0x7c startup/startup_stm32.o
 .debug_line    0x000000000000506a      0xbe3 /Users/daymoon/Documents/workspace/stm32f0_stdperiph_lib/Debug/libstm32f0_stdperiph_lib.a(stm32f0xx_adc.o)
 .debug_line    0x0000000000005c4d      0xbf1 /Users/daymoon/Documents/workspace/stm32f0_stdperiph_lib/Debug/libstm32f0_stdperiph_lib.a(stm32f0xx_dma.o)
 .debug_line    0x000000000000683e      0xa7c /Users/daymoon/Documents/workspace/stm32f0_stdperiph_lib/Debug/libstm32f0_stdperiph_lib.a(stm32f0xx_gpio.o)
 .debug_line    0x00000000000072ba      0x72c /Users/daymoon/Documents/workspace/stm32f0_stdperiph_lib/Debug/libstm32f0_stdperiph_lib.a(stm32f0xx_misc.o)
 .debug_line    0x00000000000079e6      0xd74 /Users/daymoon/Documents/workspace/stm32f0_stdperiph_lib/Debug/libstm32f0_stdperiph_lib.a(stm32f0xx_rcc.o)
 .debug_line    0x000000000000875a     0x1f68 /Users/daymoon/Documents/workspace/stm32f0_stdperiph_lib/Debug/libstm32f0_stdperiph_lib.a(stm32f0xx_tim.o)
 .debug_line    0x000000000000a6c2     0x1537 /Users/daymoon/Documents/workspace/stm32f0_stdperiph_lib/Debug/libstm32f0_stdperiph_lib.a(stm32f0xx_usart.o)

.debug_str      0x0000000000000000    0x52bd3
 .debug_str     0x0000000000000000    0x4f507 src/commands.o
                                      0x4f777 (size before relaxing)
 .debug_str     0x000000000004f507      0x1cf src/leds.o
                                      0x4f483 (size before relaxing)
 .debug_str     0x000000000004f6d6       0x7e src/main.o
                                      0x4f30d (size before relaxing)
 .debug_str     0x000000000004f754      0x90d src/powerbit.o
                                      0x4ff3e (size before relaxing)
 .debug_str     0x0000000000050061      0x1ea src/scheduler.o
                                      0x4ad20 (size before relaxing)
 .debug_str     0x000000000005024b       0x97 src/services.o
                                      0x4f3b4 (size before relaxing)
 .debug_str     0x00000000000502e2      0x19a src/stm32f0xx_it.o
                                      0x4f4e4 (size before relaxing)
 .debug_str     0x000000000005047c      0x101 src/system_stm32f0xx.o
                                      0x4a9f4 (size before relaxing)
 .debug_str     0x000000000005057d       0xc0 src/usart.o
                                      0x4dfa9 (size before relaxing)
 .debug_str     0x000000000005063d       0x29 startup/startup_stm32.o
                                         0x5d (size before relaxing)
 .debug_str     0x0000000000050666      0x715 /Users/daymoon/Documents/workspace/stm32f0_stdperiph_lib/Debug/libstm32f0_stdperiph_lib.a(stm32f0xx_adc.o)
                                      0x4abae (size before relaxing)
 .debug_str     0x0000000000050d7b      0x5cf /Users/daymoon/Documents/workspace/stm32f0_stdperiph_lib/Debug/libstm32f0_stdperiph_lib.a(stm32f0xx_dma.o)
                                      0x4ae37 (size before relaxing)
 .debug_str     0x000000000005134a      0x151 /Users/daymoon/Documents/workspace/stm32f0_stdperiph_lib/Debug/libstm32f0_stdperiph_lib.a(stm32f0xx_gpio.o)
                                      0x4aa0f (size before relaxing)
 .debug_str     0x000000000005149b       0xa4 /Users/daymoon/Documents/workspace/stm32f0_stdperiph_lib/Debug/libstm32f0_stdperiph_lib.a(stm32f0xx_misc.o)
                                      0x4a863 (size before relaxing)
 .debug_str     0x000000000005153f      0x5a1 /Users/daymoon/Documents/workspace/stm32f0_stdperiph_lib/Debug/libstm32f0_stdperiph_lib.a(stm32f0xx_rcc.o)
                                      0x4adca (size before relaxing)
 .debug_str     0x0000000000051ae0      0x9c5 /Users/daymoon/Documents/workspace/stm32f0_stdperiph_lib/Debug/libstm32f0_stdperiph_lib.a(stm32f0xx_tim.o)
                                      0x4b3fa (size before relaxing)
 .debug_str     0x00000000000524a5      0x72e /Users/daymoon/Documents/workspace/stm32f0_stdperiph_lib/Debug/libstm32f0_stdperiph_lib.a(stm32f0xx_usart.o)
                                      0x4b061 (size before relaxing)

.comment        0x0000000000000000       0x7f
 .comment       0x0000000000000000       0x7f src/commands.o
                                         0x80 (size before relaxing)
 .comment       0x000000000000007f       0x80 src/leds.o
 .comment       0x000000000000007f       0x80 src/main.o
 .comment       0x000000000000007f       0x80 src/powerbit.o
 .comment       0x000000000000007f       0x80 src/scheduler.o
 .comment       0x000000000000007f       0x80 src/services.o
 .comment       0x000000000000007f       0x80 src/stm32f0xx_it.o
 .comment       0x000000000000007f       0x80 src/system_stm32f0xx.o
 .comment       0x000000000000007f       0x80 src/usart.o
 .comment       0x000000000000007f       0x80 /Users/daymoon/Documents/workspace/stm32f0_stdperiph_lib/Debug/libstm32f0_stdperiph_lib.a(stm32f0xx_adc.o)
 .comment       0x000000000000007f       0x80 /Users/daymoon/Documents/workspace/stm32f0_stdperiph_lib/Debug/libstm32f0_stdperiph_lib.a(stm32f0xx_dma.o)
 .comment       0x000000000000007f       0x80 /Users/daymoon/Documents/workspace/stm32f0_stdperiph_lib/Debug/libstm32f0_stdperiph_lib.a(stm32f0xx_gpio.o)
 .comment       0x000000000000007f       0x80 /Users/daymoon/Documents/workspace/stm32f0_stdperiph_lib/Debug/libstm32f0_stdperiph_lib.a(stm32f0xx_misc.o)
 .comment       0x000000000000007f       0x80 /Users/daymoon/Documents/workspace/stm32f0_stdperiph_lib/Debug/libstm32f0_stdperiph_lib.a(stm32f0xx_rcc.o)
 .comment       0x000000000000007f       0x80 /Users/daymoon/Documents/workspace/stm32f0_stdperiph_lib/Debug/libstm32f0_stdperiph_lib.a(stm32f0xx_tim.o)
 .comment       0x000000000000007f       0x80 /Users/daymoon/Documents/workspace/stm32f0_stdperiph_lib/Debug/libstm32f0_stdperiph_lib.a(stm32f0xx_usart.o)

.debug_frame    0x0000000000000000     0x2260
 .debug_frame   0x0000000000000000      0x174 src/commands.o
 .debug_frame   0x0000000000000174       0x34 src/leds.o
 .debug_frame   0x00000000000001a8       0x38 src/main.o
 .debug_frame   0x00000000000001e0      0x1f4 src/powerbit.o
 .debug_frame   0x00000000000003d4       0xd4 src/scheduler.o
 .debug_frame   0x00000000000004a8       0x74 src/services.o
 .debug_frame   0x000000000000051c       0x9c src/stm32f0xx_it.o
 .debug_frame   0x00000000000005b8       0x40 src/system_stm32f0xx.o
 .debug_frame   0x00000000000005f8       0x88 src/usart.o
 .debug_frame   0x0000000000000680      0x330 /Users/daymoon/Documents/workspace/stm32f0_stdperiph_lib/Debug/libstm32f0_stdperiph_lib.a(stm32f0xx_adc.o)
 .debug_frame   0x00000000000009b0      0x140 /Users/daymoon/Documents/workspace/stm32f0_stdperiph_lib/Debug/libstm32f0_stdperiph_lib.a(stm32f0xx_dma.o)
 .debug_frame   0x0000000000000af0      0x16c /Users/daymoon/Documents/workspace/stm32f0_stdperiph_lib/Debug/libstm32f0_stdperiph_lib.a(stm32f0xx_gpio.o)
 .debug_frame   0x0000000000000c5c       0x64 /Users/daymoon/Documents/workspace/stm32f0_stdperiph_lib/Debug/libstm32f0_stdperiph_lib.a(stm32f0xx_misc.o)
 .debug_frame   0x0000000000000cc0      0x400 /Users/daymoon/Documents/workspace/stm32f0_stdperiph_lib/Debug/libstm32f0_stdperiph_lib.a(stm32f0xx_rcc.o)
 .debug_frame   0x00000000000010c0      0x9f8 /Users/daymoon/Documents/workspace/stm32f0_stdperiph_lib/Debug/libstm32f0_stdperiph_lib.a(stm32f0xx_tim.o)
 .debug_frame   0x0000000000001ab8      0x558 /Users/daymoon/Documents/workspace/stm32f0_stdperiph_lib/Debug/libstm32f0_stdperiph_lib.a(stm32f0xx_usart.o)
 .debug_frame   0x0000000000002010       0x20 /Applications/Ac6/SystemWorkbench.app/Contents/Eclipse/plugins/fr.ac6.mcu.externaltools.arm-none.macos64_1.17.0.201812190825/tools/compiler/bin/../lib/gcc/arm-none-eabi/7.3.1/thumb/v6-m/libgcc.a(_udivsi3.o)
 .debug_frame   0x0000000000002030       0x20 /Applications/Ac6/SystemWorkbench.app/Contents/Eclipse/plugins/fr.ac6.mcu.externaltools.arm-none.macos64_1.17.0.201812190825/tools/compiler/bin/../lib/gcc/arm-none-eabi/7.3.1/thumb/v6-m/libgcc.a(_divsi3.o)
 .debug_frame   0x0000000000002050       0x2c /Applications/Ac6/SystemWorkbench.app/Contents/Eclipse/plugins/fr.ac6.mcu.externaltools.arm-none.macos64_1.17.0.201812190825/tools/compiler/bin/../lib/gcc/arm-none-eabi/7.3.1/../../../../arm-none-eabi/lib/thumb/v6-m/libc.a(lib_a-init.o)
 .debug_frame   0x000000000000207c       0x30 /Applications/Ac6/SystemWorkbench.app/Contents/Eclipse/plugins/fr.ac6.mcu.externaltools.arm-none.macos64_1.17.0.201812190825/tools/compiler/bin/../lib/gcc/arm-none-eabi/7.3.1/../../../../arm-none-eabi/lib/thumb/v6-m/libc.a(lib_a-memcpy-stub.o)
 .debug_frame   0x00000000000020ac       0x20 /Applications/Ac6/SystemWorkbench.app/Contents/Eclipse/plugins/fr.ac6.mcu.externaltools.arm-none.macos64_1.17.0.201812190825/tools/compiler/bin/../lib/gcc/arm-none-eabi/7.3.1/../../../../arm-none-eabi/lib/thumb/v6-m/libc.a(lib_a-strcpy.o)
 .debug_frame   0x00000000000020cc       0x54 /Applications/Ac6/SystemWorkbench.app/Contents/Eclipse/plugins/fr.ac6.mcu.externaltools.arm-none.macos64_1.17.0.201812190825/tools/compiler/bin/../lib/gcc/arm-none-eabi/7.3.1/../../../../arm-none-eabi/lib/thumb/v6-m/libc.a(lib_a-__call_atexit.o)
 .debug_frame   0x0000000000002120       0x28 /Applications/Ac6/SystemWorkbench.app/Contents/Eclipse/plugins/fr.ac6.mcu.externaltools.arm-none.macos64_1.17.0.201812190825/tools/compiler/bin/../lib/gcc/arm-none-eabi/7.3.1/../../../../arm-none-eabi/lib/thumb/v6-m/libc.a(lib_a-atexit.o)
 .debug_frame   0x0000000000002148       0x2c /Applications/Ac6/SystemWorkbench.app/Contents/Eclipse/plugins/fr.ac6.mcu.externaltools.arm-none.macos64_1.17.0.201812190825/tools/compiler/bin/../lib/gcc/arm-none-eabi/7.3.1/../../../../arm-none-eabi/lib/thumb/v6-m/libc.a(lib_a-fini.o)
 .debug_frame   0x0000000000002174       0xb0 /Applications/Ac6/SystemWorkbench.app/Contents/Eclipse/plugins/fr.ac6.mcu.externaltools.arm-none.macos64_1.17.0.201812190825/tools/compiler/bin/../lib/gcc/arm-none-eabi/7.3.1/../../../../arm-none-eabi/lib/thumb/v6-m/libc.a(lib_a-lock.o)
 .debug_frame   0x0000000000002224       0x3c /Applications/Ac6/SystemWorkbench.app/Contents/Eclipse/plugins/fr.ac6.mcu.externaltools.arm-none.macos64_1.17.0.201812190825/tools/compiler/bin/../lib/gcc/arm-none-eabi/7.3.1/../../../../arm-none-eabi/lib/thumb/v6-m/libc.a(lib_a-__atexit.o)
