Archive member included to satisfy reference by file (symbol)

/Users/daymoon/Documents/workspace/stm32f0_stdperiph_lib/Debug/libstm32f0_stdperiph_lib.a(stm32f0xx_adc.o)
                              src/powerbit.o (ADC_DeInit)
/Users/daymoon/Documents/workspace/stm32f0_stdperiph_lib/Debug/libstm32f0_stdperiph_lib.a(stm32f0xx_dma.o)
                              src/powerbit.o (DMA_DeInit)
/Users/daymoon/Documents/workspace/stm32f0_stdperiph_lib/Debug/libstm32f0_stdperiph_lib.a(stm32f0xx_gpio.o)
                              src/leds.o (GPIO_Init)
/Users/daymoon/Documents/workspace/stm32f0_stdperiph_lib/Debug/libstm32f0_stdperiph_lib.a(stm32f0xx_rcc.o)
                              src/leds.o (RCC_AHBPeriphClockCmd)
/Users/daymoon/Documents/workspace/stm32f0_stdperiph_lib/Debug/libstm32f0_stdperiph_lib.a(stm32f0xx_tim.o)
                              src/powerbit.o (TIM_TimeBaseInit)
/Applications/Ac6/SystemWorkbench.app/Contents/Eclipse/plugins/fr.ac6.mcu.externaltools.arm-none.macos64_1.17.0.201812190825/tools/compiler/bin/../lib/gcc/arm-none-eabi/7.3.1/thumb/v6-m/libgcc.a(_udivsi3.o)
                              src/powerbit.o (__aeabi_uidiv)
/Applications/Ac6/SystemWorkbench.app/Contents/Eclipse/plugins/fr.ac6.mcu.externaltools.arm-none.macos64_1.17.0.201812190825/tools/compiler/bin/../lib/gcc/arm-none-eabi/7.3.1/thumb/v6-m/libgcc.a(_divsi3.o)
                              src/powerbit.o (__aeabi_idiv)
/Applications/Ac6/SystemWorkbench.app/Contents/Eclipse/plugins/fr.ac6.mcu.externaltools.arm-none.macos64_1.17.0.201812190825/tools/compiler/bin/../lib/gcc/arm-none-eabi/7.3.1/thumb/v6-m/libgcc.a(_dvmd_tls.o)
                              /Applications/Ac6/SystemWorkbench.app/Contents/Eclipse/plugins/fr.ac6.mcu.externaltools.arm-none.macos64_1.17.0.201812190825/tools/compiler/bin/../lib/gcc/arm-none-eabi/7.3.1/thumb/v6-m/libgcc.a(_udivsi3.o) (__aeabi_idiv0)
/Applications/Ac6/SystemWorkbench.app/Contents/Eclipse/plugins/fr.ac6.mcu.externaltools.arm-none.macos64_1.17.0.201812190825/tools/compiler/bin/../lib/gcc/arm-none-eabi/7.3.1/../../../../arm-none-eabi/lib/thumb/v6-m/libc.a(lib_a-errno.o)
                              startup/sysmem.o (__errno)
/Applications/Ac6/SystemWorkbench.app/Contents/Eclipse/plugins/fr.ac6.mcu.externaltools.arm-none.macos64_1.17.0.201812190825/tools/compiler/bin/../lib/gcc/arm-none-eabi/7.3.1/../../../../arm-none-eabi/lib/thumb/v6-m/libc.a(lib_a-exit.o)
                              /Applications/Ac6/SystemWorkbench.app/Contents/Eclipse/plugins/fr.ac6.mcu.externaltools.arm-none.macos64_1.17.0.201812190825/tools/compiler/bin/../lib/gcc/arm-none-eabi/7.3.1/../../../../arm-none-eabi/lib/thumb/v6-m/crt0.o (exit)
/Applications/Ac6/SystemWorkbench.app/Contents/Eclipse/plugins/fr.ac6.mcu.externaltools.arm-none.macos64_1.17.0.201812190825/tools/compiler/bin/../lib/gcc/arm-none-eabi/7.3.1/../../../../arm-none-eabi/lib/thumb/v6-m/libc.a(lib_a-impure.o)
                              /Applications/Ac6/SystemWorkbench.app/Contents/Eclipse/plugins/fr.ac6.mcu.externaltools.arm-none.macos64_1.17.0.201812190825/tools/compiler/bin/../lib/gcc/arm-none-eabi/7.3.1/../../../../arm-none-eabi/lib/thumb/v6-m/libc.a(lib_a-exit.o) (_global_impure_ptr)
/Applications/Ac6/SystemWorkbench.app/Contents/Eclipse/plugins/fr.ac6.mcu.externaltools.arm-none.macos64_1.17.0.201812190825/tools/compiler/bin/../lib/gcc/arm-none-eabi/7.3.1/../../../../arm-none-eabi/lib/thumb/v6-m/libc.a(lib_a-init.o)
                              /Applications/Ac6/SystemWorkbench.app/Contents/Eclipse/plugins/fr.ac6.mcu.externaltools.arm-none.macos64_1.17.0.201812190825/tools/compiler/bin/../lib/gcc/arm-none-eabi/7.3.1/../../../../arm-none-eabi/lib/thumb/v6-m/crt0.o (__libc_init_array)
/Applications/Ac6/SystemWorkbench.app/Contents/Eclipse/plugins/fr.ac6.mcu.externaltools.arm-none.macos64_1.17.0.201812190825/tools/compiler/bin/../lib/gcc/arm-none-eabi/7.3.1/../../../../arm-none-eabi/lib/thumb/v6-m/libc.a(lib_a-memset.o)
                              /Applications/Ac6/SystemWorkbench.app/Contents/Eclipse/plugins/fr.ac6.mcu.externaltools.arm-none.macos64_1.17.0.201812190825/tools/compiler/bin/../lib/gcc/arm-none-eabi/7.3.1/../../../../arm-none-eabi/lib/thumb/v6-m/crt0.o (memset)
/Applications/Ac6/SystemWorkbench.app/Contents/Eclipse/plugins/fr.ac6.mcu.externaltools.arm-none.macos64_1.17.0.201812190825/tools/compiler/bin/../lib/gcc/arm-none-eabi/7.3.1/../../../../arm-none-eabi/lib/thumb/v6-m/libc.a(lib_a-__call_atexit.o)
                              /Applications/Ac6/SystemWorkbench.app/Contents/Eclipse/plugins/fr.ac6.mcu.externaltools.arm-none.macos64_1.17.0.201812190825/tools/compiler/bin/../lib/gcc/arm-none-eabi/7.3.1/../../../../arm-none-eabi/lib/thumb/v6-m/libc.a(lib_a-exit.o) (__call_exitprocs)
/Applications/Ac6/SystemWorkbench.app/Contents/Eclipse/plugins/fr.ac6.mcu.externaltools.arm-none.macos64_1.17.0.201812190825/tools/compiler/bin/../lib/gcc/arm-none-eabi/7.3.1/../../../../arm-none-eabi/lib/thumb/v6-m/libc.a(lib_a-atexit.o)
[...]
Memory Configuration

Name             Origin             Length             Attributes
RAM              0x0000000020000000 0x0000000000001000 xrw
ROM              0x0000000008000000 0x0000000000008000 xr
*default*        0x0000000000000000 0xffffffffffffffff

Linker script and memory map

LOAD /Applications/Ac6/SystemWorkbench.app/Contents/Eclipse/plugins/fr.ac6.mcu.externaltools.arm-none.macos64_1.17.0.201812190825/tools/compiler/bin/../lib/gcc/arm-none-eabi/7.3.1/thumb/v6-m/crti.o
LOAD /Applications/Ac6/SystemWorkbench.app/Contents/Eclipse/plugins/fr.ac6.mcu.externaltools.arm-none.macos64_1.17.0.201812190825/tools/compiler/bin/../lib/gcc/arm-none-eabi/7.3.1/thumb/v6-m/crtbegin.o
LOAD /Applications/Ac6/SystemWorkbench.app/Contents/Eclipse/plugins/fr.ac6.mcu.externaltools.arm-none.macos64_1.17.0.201812190825/tools/compiler/bin/../lib/gcc/arm-none-eabi/7.3.1/../../../../arm-none-eabi/lib/thumb/v6-m/crt0.o
LOAD src/delay.o
LOAD src/leds.o
LOAD src/main.o
LOAD src/powerbit.o
LOAD src/scheduler.o
LOAD src/services.o
LOAD src/stm32f0xx_it.o
LOAD src/system_stm32f0xx.o
LOAD startup/startup_stm32.o
LOAD startup/sysmem.o
LOAD /Users/daymoon/Documents/workspace/stm32f0_stdperiph_lib/Debug/libstm32f0_stdperiph_lib.a
LOAD /Applications/Ac6/SystemWorkbench.app/Contents/Eclipse/plugins/fr.ac6.mcu.externaltools.arm-none.macos64_1.17.0.201812190825/tools/compiler/bin/../lib/gcc/arm-none-eabi/7.3.1/../../../../arm-none-eabi/lib/thumb/v6-m/libm.a
START GROUP
LOAD /Applications/Ac6/SystemWorkbench.app/Contents/Eclipse/plugins/fr.ac6.mcu.externaltools.arm-none.macos64_1.17.0.201812190825/tools/compiler/bin/../lib/gcc/arm-none-eabi/7.3.1/thumb/v6-m/libgcc.a
LOAD /Applications/Ac6/SystemWorkbench.app/Contents/Eclipse/plugins/fr.ac6.mcu.externaltools.arm-none.macos64_1.17.0.201812190825/tools/compiler/bin/../lib/gcc/arm-none-eabi/7.3.1/../../../../arm-none-eabi/lib/thumb/v6-m/libc.a
END GROUP
LOAD /Applications/Ac6/SystemWorkbench.app/Contents/Eclipse/plugins/fr.ac6.mcu.externaltools.arm-none.macos64_1.17.0.201812190825/tools/compiler/bin/../lib/gcc/arm-none-eabi/7.3.1/thumb/v6-m/crtend.o
LOAD /Applications/Ac6/SystemWorkbench.app/Contents/Eclipse/plugins/fr.ac6.mcu.externaltools.arm-none.macos64_1.17.0.201812190825/tools/compiler/bin/../lib/gcc/arm-none-eabi/7.3.1/thumb/v6-m/crtn.o
                0x0000000020001000                _estack = 0x20001000
                0x0000000000000000                _Min_Heap_Size = 0x0
                0x0000000000000400                _Min_Stack_Size = 0x400

.isr_vector     0x0000000008000000       0xc0
                0x0000000008000000                . = ALIGN (0x4)
 *(.isr_vector)
 .isr_vector    0x0000000008000000       0xc0 startup/startup_stm32.o
                0x0000000008000000                g_pfnVectors
                0x00000000080000c0                . = ALIGN (0x4)

.text           0x00000000080000c0     0x19f4
                0x00000000080000c0                . = ALIGN (0x4)
 *(.text)
 .text          0x00000000080000c0       0x48 /Applications/Ac6/SystemWorkbench.app/Contents/Eclipse/plugins/fr.ac6.mcu.externaltools.arm-none.macos64_1.17.0.201812190825/tools/compiler/bin/../lib/gcc/arm-none-eabi/7.3.1/thumb/v6-m/crtbegin.o
 .text          0x0000000008000108      0x114 /Applications/Ac6/SystemWorkbench.app/Contents/Eclipse/plugins/fr.ac6.mcu.externaltools.arm-none.macos64_1.17.0.201812190825/tools/compiler/bin/../lib/gcc/arm-none-eabi/7.3.1/thumb/v6-m/libgcc.a(_udivsi3.o)
                0x0000000008000108                __udivsi3
                0x0000000008000108                __aeabi_uidiv
                0x0000000008000214                __aeabi_uidivmod
 .text          0x000000000800021c      0x1d4 /Applications/Ac6/SystemWorkbench.app/Contents/Eclipse/plugins/fr.ac6.mcu.externaltools.arm-none.macos64_1.17.0.201812190825/tools/compiler/bin/../lib/gcc/arm-none-eabi/7.3.1/thumb/v6-m/libgcc.a(_divsi3.o)
                0x000000000800021c                __aeabi_idiv
                0x000000000800021c                __divsi3
                0x00000000080003e8                __aeabi_idivmod
 .text          0x00000000080003f0        0x4 /Applications/Ac6/SystemWorkbench.app/Contents/Eclipse/plugins/fr.ac6.mcu.externaltools.arm-none.macos64_1.17.0.201812190825/tools/compiler/bin/../lib/gcc/arm-none-eabi/7.3.1/thumb/v6-m/libgcc.a(_dvmd_tls.o)
                0x00000000080003f0                __aeabi_ldiv0
                0x00000000080003f0                __aeabi_idiv0
 *(.text*)
 .text.leds_config
                0x00000000080003f4       0x64 src/leds.o
                0x00000000080003f4                leds_config
 .text.startup.main
                0x0000000008000458       0x18 src/main.o
                0x0000000008000458                main
 .text.assert_failed
                0x0000000008000470        0x2 src/main.o
                0x0000000008000470                assert_failed
 *fill*         0x0000000008000472        0x2 
 .text.powerbit_gpio_init
                0x0000000008000474       0x78 src/powerbit.o
                0x0000000008000474                powerbit_gpio_init
 .text.powerbit_adcdma_init
                0x00000000080004ec       0xf0 src/powerbit.o
                0x00000000080004ec                powerbit_adcdma_init
 .text.powerbit_pwm_init
                0x00000000080005dc       0x70 src/powerbit.o
                0x00000000080005dc                powerbit_pwm_init
 .text.powerbit_init
                0x000000000800064c       0x20 src/powerbit.o
                0x000000000800064c                powerbit_init
 .text.powerbit_pwm_set
                0x000000000800066c       0x30 src/powerbit.o
                0x000000000800066c                powerbit_pwm_set
 .text.powerbit_wait_for_adc
                0x000000000800069c       0x14 src/powerbit.o
                0x000000000800069c                powerbit_wait_for_adc
 .text.powerbit_psd_calculation
                0x00000000080006b0      0x124 src/powerbit.o
                0x00000000080006b0                powerbit_psd_calculation
 .text.powerbit_regulator_process
                0x00000000080007d4        0x8 src/powerbit.o
                0x00000000080007d4                powerbit_regulator_process
 .text.Scheduler_start
                0x00000000080007dc        0x4 src/scheduler.o
                0x00000000080007dc                Scheduler_start
 .text.Scheduler_Add_Task
                0x00000000080007e0       0x30 src/scheduler.o
                0x00000000080007e0                Scheduler_Add_Task
 .text.Scheduler_Delete_Task
                0x0000000008000810       0x28 src/scheduler.o
                0x0000000008000810                Scheduler_Delete_Task
 .text.Scheduler_init
                0x0000000008000838       0x58 src/scheduler.o
                0x0000000008000838                Scheduler_init
 .text.Scheduler_Dispatch_Tasks
                0x0000000008000890       0x34 src/scheduler.o
                0x0000000008000890                Scheduler_Dispatch_Tasks
 .text.Run_scheduler
                0x00000000080008c4       0x34 src/scheduler.o
                0x00000000080008c4                Run_scheduler
 .text.LED_service
                0x00000000080008f8       0x24 src/services.o
                0x00000000080008f8                LED_service
 .text.Regulators_service
                0x000000000800091c        0x8 src/services.o
                0x000000000800091c                Regulators_service
 .text.NMI_Handler
                0x0000000008000924        0x2 src/stm32f0xx_it.o
                0x0000000008000924                NMI_Handler
 .text.HardFault_Handler
                0x0000000008000926        0x2 src/stm32f0xx_it.o
                0x0000000008000926                HardFault_Handler
 .text.SVC_Handler
                0x0000000008000928        0x2 src/stm32f0xx_it.o
                0x0000000008000928                SVC_Handler
 .text.PendSV_Handler
                0x000000000800092a        0x2 src/stm32f0xx_it.o
                0x000000000800092a                PendSV_Handler
 .text.SysTick_Handler
                0x000000000800092c        0x8 src/stm32f0xx_it.o
                0x000000000800092c                SysTick_Handler
 .text.SystemInit
                0x0000000008000934       0xbc src/system_stm32f0xx.o
                0x0000000008000934                SystemInit
 .text.Reset_Handler
                0x00000000080009f0       0x50 startup/startup_stm32.o
                0x00000000080009f0                Reset_Handler
 .text.Default_Handler
                0x0000000008000a40        0x2 startup/startup_stm32.o
                0x0000000008000a40                TIM1_BRK_UP_TRG_COM_IRQHandler
                0x0000000008000a40                TIM1_CC_IRQHandler
                0x0000000008000a40                TSC_IRQHandler
                0x0000000008000a40                PVD_IRQHandler
                0x0000000008000a40                I2C1_IRQHandler
                0x0000000008000a40                RCC_CRS_IRQHandler
                0x0000000008000a40                SPI1_IRQHandler
                0x0000000008000a40                TIM6_DAC_IRQHandler
                0x0000000008000a40                EXTI2_3_IRQHandler
                0x0000000008000a40                I2C2_IRQHandler
                0x0000000008000a40                TIM17_IRQHandler
                0x0000000008000a40                CEC_CAN_IRQHandler
                0x0000000008000a40                RTC_IRQHandler
                0x0000000008000a40                TIM16_IRQHandler
                0x0000000008000a40                TIM3_IRQHandler
                0x0000000008000a40                EXTI4_15_IRQHandler
                0x0000000008000a40                Default_Handler
                0x0000000008000a40                DMA1_CH2_3_DMA2_CH1_2_IRQHandler
                0x0000000008000a40                TIM14_IRQHandler
                0x0000000008000a40                TIM7_IRQHandler
                0x0000000008000a40                TIM15_IRQHandler
                0x0000000008000a40                EXTI0_1_IRQHandler
                0x0000000008000a40                USB_IRQHandler
                0x0000000008000a40                SPI2_IRQHandler
                0x0000000008000a40                DMA1_CH1_IRQHandler
                0x0000000008000a40                WWDG_IRQHandler
                0x0000000008000a40                TIM2_IRQHandler
                0x0000000008000a40                ADC_COMP_IRQHandler
                0x0000000008000a40                USART2_IRQHandler
                0x0000000008000a40                USART3_4_5_6_7_8_IRQHandler
                0x0000000008000a40                FLASH_IRQHandler
                0x0000000008000a40                USART1_IRQHandler
                0x0000000008000a40                DMA1_CH4_5_6_7_DMA2_CH3_4_5_IRQHandler
 *fill*         0x0000000008000a42        0x2 
 .text.ADC_DeInit
                0x0000000008000a44       0x30 /Users/daymoon/Documents/workspace/stm32f0_stdperiph_lib/Debug/libstm32f0_stdperiph_lib.a(stm32f0xx_adc.o)
                0x0000000008000a44                ADC_DeInit
 .text.ADC_Init
                0x0000000008000a74       0xb0 /Users/daymoon/Documents/workspace/stm32f0_stdperiph_lib/Debug/libstm32f0_stdperiph_lib.a(stm32f0xx_adc.o)
                0x0000000008000a74                ADC_Init
 .text.ADC_StructInit
                0x0000000008000b24       0x10 /Users/daymoon/Documents/workspace/stm32f0_stdperiph_lib/Debug/libstm32f0_stdperiph_lib.a(stm32f0xx_adc.o)
                0x0000000008000b24                ADC_StructInit
 .text.ADC_Cmd  0x0000000008000b34       0x3c /Users/daymoon/Documents/workspace/stm32f0_stdperiph_lib/Debug/libstm32f0_stdperiph_lib.a(stm32f0xx_adc.o)
                0x0000000008000b34                ADC_Cmd
 .text.ADC_ChannelConfig
                0x0000000008000b70       0x50 /Users/daymoon/Documents/workspace/stm32f0_stdperiph_lib/Debug/libstm32f0_stdperiph_lib.a(stm32f0xx_adc.o)
                0x0000000008000b70                ADC_ChannelConfig
 .text.ADC_GetCalibrationFactor
                0x0000000008000bc0       0x44 /Users/daymoon/Documents/workspace/stm32f0_stdperiph_lib/Debug/libstm32f0_stdperiph_lib.a(stm32f0xx_adc.o)
                0x0000000008000bc0                ADC_GetCalibrationFactor
 .text.ADC_StartOfConversion
                0x0000000008000c04       0x28 /Users/daymoon/Documents/workspace/stm32f0_stdperiph_lib/Debug/libstm32f0_stdperiph_lib.a(stm32f0xx_adc.o)
                0x0000000008000c04                ADC_StartOfConversion
 .text.ADC_DMACmd
                0x0000000008000c2c       0x44 /Users/daymoon/Documents/workspace/stm32f0_stdperiph_lib/Debug/libstm32f0_stdperiph_lib.a(stm32f0xx_adc.o)
                0x0000000008000c2c                ADC_DMACmd
 .text.ADC_DMARequestModeConfig
                0x0000000008000c70       0x30 /Users/daymoon/Documents/workspace/stm32f0_stdperiph_lib/Debug/libstm32f0_stdperiph_lib.a(stm32f0xx_adc.o)
                0x0000000008000c70                ADC_DMARequestModeConfig
 .text.ADC_GetFlagStatus
                0x0000000008000ca0       0x6c /Users/daymoon/Documents/workspace/stm32f0_stdperiph_lib/Debug/libstm32f0_stdperiph_lib.a(stm32f0xx_adc.o)
                0x0000000008000ca0                ADC_GetFlagStatus
 .text.DMA_DeInit
                0x0000000008000d0c      0x148 /Users/daymoon/Documents/workspace/stm32f0_stdperiph_lib/Debug/libstm32f0_stdperiph_lib.a(stm32f0xx_dma.o)
                0x0000000008000d0c                DMA_DeInit
 .text.DMA_Init
                0x0000000008000e54      0x17c /Users/daymoon/Documents/workspace/stm32f0_stdperiph_lib/Debug/libstm32f0_stdperiph_lib.a(stm32f0xx_dma.o)
                0x0000000008000e54                DMA_Init
 .text.DMA_Cmd  0x0000000008000fd0       0xb4 /Users/daymoon/Documents/workspace/stm32f0_stdperiph_lib/Debug/libstm32f0_stdperiph_lib.a(stm32f0xx_dma.o)
                0x0000000008000fd0                DMA_Cmd
 .text.DMA_GetFlagStatus
                0x0000000008001084      0x108 /Users/daymoon/Documents/workspace/stm32f0_stdperiph_lib/Debug/libstm32f0_stdperiph_lib.a(stm32f0xx_dma.o)
                0x0000000008001084                DMA_GetFlagStatus
 .text.DMA_ClearFlag
                0x000000000800118c       0x40 /Users/daymoon/Documents/workspace/stm32f0_stdperiph_lib/Debug/libstm32f0_stdperiph_lib.a(stm32f0xx_dma.o)
                0x000000000800118c                DMA_ClearFlag
 .text.GPIO_Init
                0x00000000080011cc      0x108 /Users/daymoon/Documents/workspace/stm32f0_stdperiph_lib/Debug/libstm32f0_stdperiph_lib.a(stm32f0xx_gpio.o)
                0x00000000080011cc                GPIO_Init
 .text.GPIO_ReadOutputData
                0x00000000080012d4       0x54 /Users/daymoon/Documents/workspace/stm32f0_stdperiph_lib/Debug/libstm32f0_stdperiph_lib.a(stm32f0xx_gpio.o)
                0x00000000080012d4                GPIO_ReadOutputData
 .text.GPIO_SetBits
                0x0000000008001328       0x60 /Users/daymoon/Documents/workspace/stm32f0_stdperiph_lib/Debug/libstm32f0_stdperiph_lib.a(stm32f0xx_gpio.o)
                0x0000000008001328                GPIO_SetBits
 .text.GPIO_ResetBits
                0x0000000008001388       0x60 /Users/daymoon/Documents/workspace/stm32f0_stdperiph_lib/Debug/libstm32f0_stdperiph_lib.a(stm32f0xx_gpio.o)
                0x0000000008001388                GPIO_ResetBits
 .text.GPIO_PinAFConfig
                0x00000000080013e8       0x90 /Users/daymoon/Documents/workspace/stm32f0_stdperiph_lib/Debug/libstm32f0_stdperiph_lib.a(stm32f0xx_gpio.o)
                0x00000000080013e8                GPIO_PinAFConfig
 .text.RCC_AHBPeriphClockCmd
                0x0000000008001478       0x50 /Users/daymoon/Documents/workspace/stm32f0_stdperiph_lib/Debug/libstm32f0_stdperiph_lib.a(stm32f0xx_rcc.o)
                0x0000000008001478                RCC_AHBPeriphClockCmd
 .text.RCC_APB2PeriphClockCmd
                0x00000000080014c8       0x50 /Users/daymoon/Documents/workspace/stm32f0_stdperiph_lib/Debug/libstm32f0_stdperiph_lib.a(stm32f0xx_rcc.o)
                0x00000000080014c8                RCC_APB2PeriphClockCmd
 .text.RCC_APB2PeriphResetCmd
                0x0000000008001518       0x50 /Users/daymoon/Documents/workspace/stm32f0_stdperiph_lib/Debug/libstm32f0_stdperiph_lib.a(stm32f0xx_rcc.o)
                0x0000000008001518                RCC_APB2PeriphResetCmd
 .text.TIM_TimeBaseInit
                0x0000000008001568      0x104 /Users/daymoon/Documents/workspace/stm32f0_stdperiph_lib/Debug/libstm32f0_stdperiph_lib.a(stm32f0xx_tim.o)
                0x0000000008001568                TIM_TimeBaseInit
 .text.TIM_Cmd  0x000000000800166c       0x94 /Users/daymoon/Documents/workspace/stm32f0_stdperiph_lib/Debug/libstm32f0_stdperiph_lib.a(stm32f0xx_tim.o)
                0x000000000800166c                TIM_Cmd
 .text.TIM_CtrlPWMOutputs
                0x0000000008001700       0x68 /Users/daymoon/Documents/workspace/stm32f0_stdperiph_lib/Debug/libstm32f0_stdperiph_lib.a(stm32f0xx_tim.o)
                0x0000000008001700                TIM_CtrlPWMOutputs
 .text.TIM_OC3Init
                0x0000000008001768      0x144 /Users/daymoon/Documents/workspace/stm32f0_stdperiph_lib/Debug/libstm32f0_stdperiph_lib.a(stm32f0xx_tim.o)
                0x0000000008001768                TIM_OC3Init
 .text.TIM_OC3PreloadConfig
                0x00000000080018ac       0x50 /Users/daymoon/Documents/workspace/stm32f0_stdperiph_lib/Debug/libstm32f0_stdperiph_lib.a(stm32f0xx_tim.o)
                0x00000000080018ac                TIM_OC3PreloadConfig
 .text.__libc_init_array
                0x00000000080018fc       0x48 /Applications/Ac6/SystemWorkbench.app/Contents/Eclipse/plugins/fr.ac6.mcu.externaltools.arm-none.macos64_1.17.0.201812190825/tools/compiler/bin/../lib/gcc/arm-none-eabi/7.3.1/../../../../arm-none-eabi/lib/thumb/v6-m/libc.a(lib_a-init.o)
                0x00000000080018fc                __libc_init_array
 .text.startup.register_fini
                0x0000000008001944       0x18 /Applications/Ac6/SystemWorkbench.app/Contents/Eclipse/plugins/fr.ac6.mcu.externaltools.arm-none.macos64_1.17.0.201812190825/tools/compiler/bin/../lib/gcc/arm-none-eabi/7.3.1/../../../../arm-none-eabi/lib/thumb/v6-m/libc.a(lib_a-__call_atexit.o)
 .text.atexit   0x000000000800195c       0x10 /Applications/Ac6/SystemWorkbench.app/Contents/Eclipse/plugins/fr.ac6.mcu.externaltools.arm-none.macos64_1.17.0.201812190825/tools/compiler/bin/../lib/gcc/arm-none-eabi/7.3.1/../../../../arm-none-eabi/lib/thumb/v6-m/libc.a(lib_a-atexit.o)
                0x000000000800195c                atexit
 .text.__libc_fini_array
                0x000000000800196c       0x34 /Applications/Ac6/SystemWorkbench.app/Contents/Eclipse/plugins/fr.ac6.mcu.externaltools.arm-none.macos64_1.17.0.201812190825/tools/compiler/bin/../lib/gcc/arm-none-eabi/7.3.1/../../../../arm-none-eabi/lib/thumb/v6-m/libc.a(lib_a-fini.o)
                0x000000000800196c                __libc_fini_array
 .text.__retarget_lock_acquire_recursive
                0x00000000080019a0        0x4 /Applications/Ac6/SystemWorkbench.app/Contents/Eclipse/plugins/fr.ac6.mcu.externaltools.arm-none.macos64_1.17.0.201812190825/tools/compiler/bin/../lib/gcc/arm-none-eabi/7.3.1/../../../../arm-none-eabi/lib/thumb/v6-m/libc.a(lib_a-lock.o)
                0x00000000080019a0                __retarget_lock_acquire_recursive
 .text.__retarget_lock_release_recursive
                0x00000000080019a4        0x4 /Applications/Ac6/SystemWorkbench.app/Contents/Eclipse/plugins/fr.ac6.mcu.externaltools.arm-none.macos64_1.17.0.201812190825/tools/compiler/bin/../lib/gcc/arm-none-eabi/7.3.1/../../../../arm-none-eabi/lib/thumb/v6-m/libc.a(lib_a-lock.o)
                0x00000000080019a4                __retarget_lock_release_recursive
 .text.__register_exitproc
                0x00000000080019a8       0xf4 /Applications/Ac6/SystemWorkbench.app/Contents/Eclipse/plugins/fr.ac6.mcu.externaltools.arm-none.macos64_1.17.0.201812190825/tools/compiler/bin/../lib/gcc/arm-none-eabi/7.3.1/../../../../arm-none-eabi/lib/thumb/v6-m/libc.a(lib_a-__atexit.o)
                0x00000000080019a8                __register_exitproc
 *(.glue_7)
 .glue_7        0x0000000008001a9c        0x0 linker stubs
 *(.glue_7t)
 .glue_7t       0x0000000008001a9c        0x0 linker stubs
 *(.eh_frame)
 .eh_frame      0x0000000008001a9c        0x0 /Applications/Ac6/SystemWorkbench.app/Contents/Eclipse/plugins/fr.ac6.mcu.externaltools.arm-none.macos64_1.17.0.201812190825/tools/compiler/bin/../lib/gcc/arm-none-eabi/7.3.1/thumb/v6-m/crtbegin.o
 *(.init)
 .init          0x0000000008001a9c        0x4 /Applications/Ac6/SystemWorkbench.app/Contents/Eclipse/plugins/fr.ac6.mcu.externaltools.arm-none.macos64_1.17.0.201812190825/tools/compiler/bin/../lib/gcc/arm-none-eabi/7.3.1/thumb/v6-m/crti.o
                0x0000000008001a9c                _init
 .init          0x0000000008001aa0        0x8 /Applications/Ac6/SystemWorkbench.app/Contents/Eclipse/plugins/fr.ac6.mcu.externaltools.arm-none.macos64_1.17.0.201812190825/tools/compiler/bin/../lib/gcc/arm-none-eabi/7.3.1/thumb/v6-m/crtn.o
 *(.fini)
 .fini          0x0000000008001aa8        0x4 /Applications/Ac6/SystemWorkbench.app/Contents/Eclipse/plugins/fr.ac6.mcu.externaltools.arm-none.macos64_1.17.0.201812190825/tools/compiler/bin/../lib/gcc/arm-none-eabi/7.3.1/thumb/v6-m/crti.o
                0x0000000008001aa8                _fini
 .fini          0x0000000008001aac        0x8 /Applications/Ac6/SystemWorkbench.app/Contents/Eclipse/plugins/fr.ac6.mcu.externaltools.arm-none.macos64_1.17.0.201812190825/tools/compiler/bin/../lib/gcc/arm-none-eabi/7.3.1/thumb/v6-m/crtn.o
                0x0000000008001ab4                . = ALIGN (0x4)
                0x0000000008001ab4                _etext = .

.vfp11_veneer   0x0000000008001ab4        0x0
 .vfp11_veneer  0x0000000008001ab4        0x0 linker stubs

.v4_bx          0x0000000008001ab4        0x0
 .v4_bx         0x0000000008001ab4        0x0 linker stubs

.iplt           0x0000000008001ab4        0x0
 .iplt          0x0000000008001ab4        0x0 /Applications/Ac6/SystemWorkbench.app/Contents/Eclipse/plugins/fr.ac6.mcu.externaltools.arm-none.macos64_1.17.0.201812190825/tools/compiler/bin/../lib/gcc/arm-none-eabi/7.3.1/thumb/v6-m/crtbegin.o

.rodata         0x0000000008001ab4      0x134
                0x0000000008001ab4                . = ALIGN (0x4)
 *(.rodata)
 *(.rodata*)
 .rodata.str1.1
                0x0000000008001ab4       0x3c /Users/daymoon/Documents/workspace/stm32f0_stdperiph_lib/Debug/libstm32f0_stdperiph_lib.a(stm32f0xx_adc.o)
 .rodata.str1.1
                0x0000000008001af0       0x3c /Users/daymoon/Documents/workspace/stm32f0_stdperiph_lib/Debug/libstm32f0_stdperiph_lib.a(stm32f0xx_dma.o)
 .rodata.str1.1
                0x0000000008001b2c       0x3d /Users/daymoon/Documents/workspace/stm32f0_stdperiph_lib/Debug/libstm32f0_stdperiph_lib.a(stm32f0xx_gpio.o)
 .rodata.str1.1
                0x0000000008001b69       0x3c /Users/daymoon/Documents/workspace/stm32f0_stdperiph_lib/Debug/libstm32f0_stdperiph_lib.a(stm32f0xx_rcc.o)
 .rodata.str1.1
                0x0000000008001ba5       0x3c /Users/daymoon/Documents/workspace/stm32f0_stdperiph_lib/Debug/libstm32f0_stdperiph_lib.a(stm32f0xx_tim.o)
 *fill*         0x0000000008001be1        0x3 
 .rodata._global_impure_ptr
                0x0000000008001be4        0x4 /Applications/Ac6/SystemWorkbench.app/Contents/Eclipse/plugins/fr.ac6.mcu.externaltools.arm-none.macos64_1.17.0.201812190825/tools/compiler/bin/../lib/gcc/arm-none-eabi/7.3.1/../../../../arm-none-eabi/lib/thumb/v6-m/libc.a(lib_a-impure.o)
                0x0000000008001be4                _global_impure_ptr
                0x0000000008001be8                . = ALIGN (0x4)

.rel.dyn        0x0000000008001be8        0x0
 .rel.iplt      0x0000000008001be8        0x0 /Applications/Ac6/SystemWorkbench.app/Contents/Eclipse/plugins/fr.ac6.mcu.externaltools.arm-none.macos64_1.17.0.201812190825/tools/compiler/bin/../lib/gcc/arm-none-eabi/7.3.1/thumb/v6-m/crtbegin.o

.ARM.extab      0x0000000008001be8        0x0
                0x0000000008001be8                . = ALIGN (0x4)
 *(.ARM.extab* .gnu.linkonce.armextab.*)
                0x0000000008001be8                . = ALIGN (0x4)

.ARM            0x0000000008001be8        0x0
                0x0000000008001be8                . = ALIGN (0x4)
                0x0000000008001be8                __exidx_start = .
 *(.ARM.exidx*)
                0x0000000008001be8                __exidx_end = .
                0x0000000008001be8                . = ALIGN (0x4)

.preinit_array  0x0000000008001be8        0x0
                0x0000000008001be8                . = ALIGN (0x4)
                0x0000000008001be8                PROVIDE (__preinit_array_start = .)
 *(.preinit_array*)
                0x0000000008001be8                PROVIDE (__preinit_array_end = .)
                0x0000000008001be8                . = ALIGN (0x4)

.init_array     0x0000000008001be8        0x8
                0x0000000008001be8                . = ALIGN (0x4)
                0x0000000008001be8                PROVIDE (__init_array_start = .)
 *(SORT_BY_NAME(.init_array.*))
 .init_array.00000
                0x0000000008001be8        0x4 /Applications/Ac6/SystemWorkbench.app/Contents/Eclipse/plugins/fr.ac6.mcu.externaltools.arm-none.macos64_1.17.0.201812190825/tools/compiler/bin/../lib/gcc/arm-none-eabi/7.3.1/../../../../arm-none-eabi/lib/thumb/v6-m/libc.a(lib_a-__call_atexit.o)
 *(.init_array*)
 .init_array    0x0000000008001bec        0x4 /Applications/Ac6/SystemWorkbench.app/Contents/Eclipse/plugins/fr.ac6.mcu.externaltools.arm-none.macos64_1.17.0.201812190825/tools/compiler/bin/../lib/gcc/arm-none-eabi/7.3.1/thumb/v6-m/crtbegin.o
                0x0000000008001bf0                PROVIDE (__init_array_end = .)
                0x0000000008001bf0                . = ALIGN (0x4)

.fini_array     0x0000000008001bf0        0x4
                0x0000000008001bf0                . = ALIGN (0x4)
                0x0000000008001bf0                PROVIDE (__fini_array_start = .)
 *(SORT_BY_NAME(.fini_array.*))
 *(.fini_array*)
 .fini_array    0x0000000008001bf0        0x4 /Applications/Ac6/SystemWorkbench.app/Contents/Eclipse/plugins/fr.ac6.mcu.externaltools.arm-none.macos64_1.17.0.201812190825/tools/compiler/bin/../lib/gcc/arm-none-eabi/7.3.1/thumb/v6-m/crtbegin.o
                0x0000000008001bf4                PROVIDE (__fini_array_end = .)
                0x0000000008001bf4                . = ALIGN (0x4)
                0x0000000008001bf4                _sidata = LOADADDR (.data)

.data           0x0000000020000000      0x464 load address 0x0000000008001bf4
                0x0000000020000000                . = ALIGN (0x4)
                0x0000000020000000                _sdata = .
 *(.data)
 .data          0x0000000020000000       0x20 src/powerbit.o
 .data          0x0000000020000020       0x14 src/system_stm32f0xx.o
                0x0000000020000020                SystemCoreClock
                0x0000000020000024                AHBPrescTable
 *(.data*)
 *fill*         0x0000000020000034        0x4 
 .data.impure_data
                0x0000000020000038      0x428 /Applications/Ac6/SystemWorkbench.app/Contents/Eclipse/plugins/fr.ac6.mcu.externaltools.arm-none.macos64_1.17.0.201812190825/tools/compiler/bin/../lib/gcc/arm-none-eabi/7.3.1/../../../../arm-none-eabi/lib/thumb/v6-m/libc.a(lib_a-impure.o)
 .data.__atexit_recursive_mutex
                0x0000000020000460        0x4 /Applications/Ac6/SystemWorkbench.app/Contents/Eclipse/plugins/fr.ac6.mcu.externaltools.arm-none.macos64_1.17.0.201812190825/tools/compiler/bin/../lib/gcc/arm-none-eabi/7.3.1/../../../../arm-none-eabi/lib/thumb/v6-m/libc.a(lib_a-__call_atexit.o)
                0x0000000020000460                __atexit_recursive_mutex
                0x0000000020000464                . = ALIGN (0x4)
                0x0000000020000464                _edata = .

.igot.plt       0x0000000020000464        0x0 load address 0x0000000008002058
 .igot.plt      0x0000000020000464        0x0 /Applications/Ac6/SystemWorkbench.app/Contents/Eclipse/plugins/fr.ac6.mcu.externaltools.arm-none.macos64_1.17.0.201812190825/tools/compiler/bin/../lib/gcc/arm-none-eabi/7.3.1/thumb/v6-m/crtbegin.o
                0x0000000020000464                . = ALIGN (0x4)

.bss            0x0000000020000464      0x1ac load address 0x0000000008002058
                0x0000000020000464                _sbss = .
                0x0000000020000464                __bss_start__ = _sbss
 *(.bss)
 .bss           0x0000000020000464       0x1c /Applications/Ac6/SystemWorkbench.app/Contents/Eclipse/plugins/fr.ac6.mcu.externaltools.arm-none.macos64_1.17.0.201812190825/tools/compiler/bin/../lib/gcc/arm-none-eabi/7.3.1/thumb/v6-m/crtbegin.o
 .bss           0x0000000020000480        0x4 src/powerbit.o
 .bss           0x0000000020000484      0x168 src/scheduler.o
 *(.bss*)
 *(COMMON)
 COMMON         0x00000000200005ec       0x21 /Applications/Ac6/SystemWorkbench.app/Contents/Eclipse/plugins/fr.ac6.mcu.externaltools.arm-none.macos64_1.17.0.201812190825/tools/compiler/bin/../lib/gcc/arm-none-eabi/7.3.1/../../../../arm-none-eabi/lib/thumb/v6-m/libc.a(lib_a-lock.o)
                0x00000000200005ec                __lock___atexit_recursive_mutex
                0x00000000200005f0                __lock___arc4random_mutex
                0x00000000200005f4                __lock___env_recursive_mutex
                0x00000000200005f8                __lock___sinit_recursive_mutex
                0x00000000200005fc                __lock___malloc_recursive_mutex
                0x0000000020000600                __lock___at_quick_exit_mutex
                0x0000000020000604                __lock___dd_hash_mutex
                0x0000000020000608                __lock___tz_mutex
                0x000000002000060c                __lock___sfp_recursive_mutex
                0x0000000020000610                . = ALIGN (0x4)
 *fill*         0x000000002000060d        0x3 
                0x0000000020000610                _ebss = .
                0x0000000020000610                __bss_end__ = _ebss

._user_heap_stack
                0x0000000020000610      0x400 load address 0x0000000008002058
                0x0000000020000610                . = ALIGN (0x8)
                0x0000000020000610                PROVIDE (end = .)
                [!provide]                        PROVIDE (_end = .)
                0x0000000020000610                . = (. + _Min_Heap_Size)
                0x0000000020000a10                . = (. + _Min_Stack_Size)
 *fill*         0x0000000020000610      0x400 
                0x0000000020000a10                . = ALIGN (0x8)

/DISCARD/
 libc.a(*)
 libm.a(*)
 libgcc.a(*)

.ARM.attributes
                0x0000000000000000       0x28
 *(.ARM.attributes)
 .ARM.attributes
                0x0000000000000000       0x1e /Applications/Ac6/SystemWorkbench.app/Contents/Eclipse/plugins/fr.ac6.mcu.externaltools.arm-none.macos64_1.17.0.201812190825/tools/compiler/bin/../lib/gcc/arm-none-eabi/7.3.1/thumb/v6-m/crti.o
 .ARM.attributes
                0x000000000000001e       0x2c /Applications/Ac6/SystemWorkbench.app/Contents/Eclipse/plugins/fr.ac6.mcu.externaltools.arm-none.macos64_1.17.0.201812190825/tools/compiler/bin/../lib/gcc/arm-none-eabi/7.3.1/thumb/v6-m/crtbegin.o
 .ARM.attributes
                0x000000000000004a       0x31 src/leds.o
 .ARM.attributes
                0x000000000000007b       0x31 src/main.o
 .ARM.attributes
                0x00000000000000ac       0x31 src/powerbit.o
 .ARM.attributes
                0x00000000000000dd       0x31 src/scheduler.o
 .ARM.attributes
                0x000000000000010e       0x31 src/services.o
 .ARM.attributes
                0x000000000000013f       0x31 src/stm32f0xx_it.o
 .ARM.attributes
                0x0000000000000170       0x31 src/system_stm32f0xx.o
 .ARM.attributes
                0x00000000000001a1       0x21 startup/startup_stm32.o
 .ARM.attributes
                0x00000000000001c2       0x31 /Users/daymoon/Documents/workspace/stm32f0_stdperiph_lib/Debug/libstm32f0_stdperiph_lib.a(stm32f0xx_adc.o)
 .ARM.attributes
                0x00000000000001f3       0x31 /Users/daymoon/Documents/workspace/stm32f0_stdperiph_lib/Debug/libstm32f0_stdperiph_lib.a(stm32f0xx_dma.o)
 .ARM.attributes
                0x0000000000000224       0x31 /Users/daymoon/Documents/workspace/stm32f0_stdperiph_lib/Debug/libstm32f0_stdperiph_lib.a(stm32f0xx_gpio.o)
 .ARM.attributes
                0x0000000000000255       0x31 /Users/daymoon/Documents/workspace/stm32f0_stdperiph_lib/Debug/libstm32f0_stdperiph_lib.a(stm32f0xx_rcc.o)
 .ARM.attributes
                0x0000000000000286       0x31 /Users/daymoon/Documents/workspace/stm32f0_stdperiph_lib/Debug/libstm32f0_stdperiph_lib.a(stm32f0xx_tim.o)
 .ARM.attributes
                0x00000000000002b7       0x1e /Applications/Ac6/SystemWorkbench.app/Contents/Eclipse/plugins/fr.ac6.mcu.externaltools.arm-none.macos64_1.17.0.201812190825/tools/compiler/bin/../lib/gcc/arm-none-eabi/7.3.1/thumb/v6-m/libgcc.a(_udivsi3.o)
 .ARM.attributes
                0x00000000000002d5       0x1e /Applications/Ac6/SystemWorkbench.app/Contents/Eclipse/plugins/fr.ac6.mcu.externaltools.arm-none.macos64_1.17.0.201812190825/tools/compiler/bin/../lib/gcc/arm-none-eabi/7.3.1/thumb/v6-m/libgcc.a(_divsi3.o)
 .ARM.attributes
                0x00000000000002f3       0x1e /Applications/Ac6/SystemWorkbench.app/Contents/Eclipse/plugins/fr.ac6.mcu.externaltools.arm-none.macos64_1.17.0.201812190825/tools/compiler/bin/../lib/gcc/arm-none-eabi/7.3.1/thumb/v6-m/libgcc.a(_dvmd_tls.o)
 .ARM.attributes
                0x0000000000000311       0x2c /Applications/Ac6/SystemWorkbench.app/Contents/Eclipse/plugins/fr.ac6.mcu.externaltools.arm-none.macos64_1.17.0.201812190825/tools/compiler/bin/../lib/gcc/arm-none-eabi/7.3.1/../../../../arm-none-eabi/lib/thumb/v6-m/libc.a(lib_a-impure.o)
 .ARM.attributes
                0x000000000000033d       0x2c /Applications/Ac6/SystemWorkbench.app/Contents/Eclipse/plugins/fr.ac6.mcu.externaltools.arm-none.macos64_1.17.0.201812190825/tools/compiler/bin/../lib/gcc/arm-none-eabi/7.3.1/../../../../arm-none-eabi/lib/thumb/v6-m/libc.a(lib_a-init.o)
 .ARM.attributes
                0x0000000000000369       0x2c /Applications/Ac6/SystemWorkbench.app/Contents/Eclipse/plugins/fr.ac6.mcu.externaltools.arm-none.macos64_1.17.0.201812190825/tools/compiler/bin/../lib/gcc/arm-none-eabi/7.3.1/../../../../arm-none-eabi/lib/thumb/v6-m/libc.a(lib_a-__call_atexit.o)
 .ARM.attributes
                0x0000000000000395       0x2c /Applications/Ac6/SystemWorkbench.app/Contents/Eclipse/plugins/fr.ac6.mcu.externaltools.arm-none.macos64_1.17.0.201812190825/tools/compiler/bin/../lib/gcc/arm-none-eabi/7.3.1/../../../../arm-none-eabi/lib/thumb/v6-m/libc.a(lib_a-atexit.o)
 .ARM.attributes
                0x00000000000003c1       0x2c /Applications/Ac6/SystemWorkbench.app/Contents/Eclipse/plugins/fr.ac6.mcu.externaltools.arm-none.macos64_1.17.0.201812190825/tools/compiler/bin/../lib/gcc/arm-none-eabi/7.3.1/../../../../arm-none-eabi/lib/thumb/v6-m/libc.a(lib_a-fini.o)
 .ARM.attributes
                0x00000000000003ed       0x2c /Applications/Ac6/SystemWorkbench.app/Contents/Eclipse/plugins/fr.ac6.mcu.externaltools.arm-none.macos64_1.17.0.201812190825/tools/compiler/bin/../lib/gcc/arm-none-eabi/7.3.1/../../../../arm-none-eabi/lib/thumb/v6-m/libc.a(lib_a-lock.o)
 .ARM.attributes
                0x0000000000000419       0x2c /Applications/Ac6/SystemWorkbench.app/Contents/Eclipse/plugins/fr.ac6.mcu.externaltools.arm-none.macos64_1.17.0.201812190825/tools/compiler/bin/../lib/gcc/arm-none-eabi/7.3.1/../../../../arm-none-eabi/lib/thumb/v6-m/libc.a(lib_a-__atexit.o)
 .ARM.attributes
                0x0000000000000445       0x1e /Applications/Ac6/SystemWorkbench.app/Contents/Eclipse/plugins/fr.ac6.mcu.externaltools.arm-none.macos64_1.17.0.201812190825/tools/compiler/bin/../lib/gcc/arm-none-eabi/7.3.1/thumb/v6-m/crtn.o
OUTPUT(DigitalBit.elf elf32-littlearm)

.comment        0x0000000000000000       0x7f
 .comment       0x0000000000000000       0x7f src/leds.o
                                         0x80 (size before relaxing)
 .comment       0x000000000000007f       0x80 src/main.o
 .comment       0x000000000000007f       0x80 src/powerbit.o
 .comment       0x000000000000007f       0x80 src/scheduler.o
 .comment       0x000000000000007f       0x80 src/services.o
 .comment       0x000000000000007f       0x80 src/stm32f0xx_it.o
 .comment       0x000000000000007f       0x80 src/system_stm32f0xx.o
 .comment       0x000000000000007f       0x80 /Users/daymoon/Documents/workspace/stm32f0_stdperiph_lib/Debug/libstm32f0_stdperiph_lib.a(stm32f0xx_adc.o)
 .comment       0x000000000000007f       0x80 /Users/daymoon/Documents/workspace/stm32f0_stdperiph_lib/Debug/libstm32f0_stdperiph_lib.a(stm32f0xx_dma.o)
 .comment       0x000000000000007f       0x80 /Users/daymoon/Documents/workspace/stm32f0_stdperiph_lib/Debug/libstm32f0_stdperiph_lib.a(stm32f0xx_gpio.o)
 .comment       0x000000000000007f       0x80 /Users/daymoon/Documents/workspace/stm32f0_stdperiph_lib/Debug/libstm32f0_stdperiph_lib.a(stm32f0xx_rcc.o)
 .comment       0x000000000000007f       0x80 /Users/daymoon/Documents/workspace/stm32f0_stdperiph_lib/Debug/libstm32f0_stdperiph_lib.a(stm32f0xx_tim.o)

.debug_info     0x0000000000000000     0x67f1
 .debug_info    0x0000000000000000      0xfd1 /Users/daymoon/Documents/workspace/stm32f0_stdperiph_lib/Debug/libstm32f0_stdperiph_lib.a(stm32f0xx_adc.o)
 .debug_info    0x0000000000000fd1      0x78f /Users/daymoon/Documents/workspace/stm32f0_stdperiph_lib/Debug/libstm32f0_stdperiph_lib.a(stm32f0xx_dma.o)
 .debug_info    0x0000000000001760      0x9a9 /Users/daymoon/Documents/workspace/stm32f0_stdperiph_lib/Debug/libstm32f0_stdperiph_lib.a(stm32f0xx_gpio.o)
 .debug_info    0x0000000000002109      0xf8f /Users/daymoon/Documents/workspace/stm32f0_stdperiph_lib/Debug/libstm32f0_stdperiph_lib.a(stm32f0xx_rcc.o)
 .debug_info    0x0000000000003098     0x3759 /Users/daymoon/Documents/workspace/stm32f0_stdperiph_lib/Debug/libstm32f0_stdperiph_lib.a(stm32f0xx_tim.o)

.debug_abbrev   0x0000000000000000      0x9f1
 .debug_abbrev  0x0000000000000000      0x1c5 /Users/daymoon/Documents/workspace/stm32f0_stdperiph_lib/Debug/libstm32f0_stdperiph_lib.a(stm32f0xx_adc.o)
 .debug_abbrev  0x00000000000001c5      0x1b4 /Users/daymoon/Documents/workspace/stm32f0_stdperiph_lib/Debug/libstm32f0_stdperiph_lib.a(stm32f0xx_dma.o)
 .debug_abbrev  0x0000000000000379      0x1f6 /Users/daymoon/Documents/workspace/stm32f0_stdperiph_lib/Debug/libstm32f0_stdperiph_lib.a(stm32f0xx_gpio.o)
 .debug_abbrev  0x000000000000056f      0x24a /Users/daymoon/Documents/workspace/stm32f0_stdperiph_lib/Debug/libstm32f0_stdperiph_lib.a(stm32f0xx_rcc.o)
 .debug_abbrev  0x00000000000007b9      0x238 /Users/daymoon/Documents/workspace/stm32f0_stdperiph_lib/Debug/libstm32f0_stdperiph_lib.a(stm32f0xx_tim.o)

.debug_loc      0x0000000000000000     0x4dc1
 .debug_loc     0x0000000000000000      0xb88 /Users/daymoon/Documents/workspace/stm32f0_stdperiph_lib/Debug/libstm32f0_stdperiph_lib.a(stm32f0xx_adc.o)
 .debug_loc     0x0000000000000b88      0x4cc /Users/daymoon/Documents/workspace/stm32f0_stdperiph_lib/Debug/libstm32f0_stdperiph_lib.a(stm32f0xx_dma.o)
 .debug_loc     0x0000000000001054      0x4f1 /Users/daymoon/Documents/workspace/stm32f0_stdperiph_lib/Debug/libstm32f0_stdperiph_lib.a(stm32f0xx_gpio.o)
 .debug_loc     0x0000000000001545      0xd09 /Users/daymoon/Documents/workspace/stm32f0_stdperiph_lib/Debug/libstm32f0_stdperiph_lib.a(stm32f0xx_rcc.o)
 .debug_loc     0x000000000000224e     0x2b73 /Users/daymoon/Documents/workspace/stm32f0_stdperiph_lib/Debug/libstm32f0_stdperiph_lib.a(stm32f0xx_tim.o)

.debug_aranges  0x0000000000000000      0x650
 .debug_aranges
                0x0000000000000000      0x108 /Users/daymoon/Documents/workspace/stm32f0_stdperiph_lib/Debug/libstm32f0_stdperiph_lib.a(stm32f0xx_adc.o)
 .debug_aranges
                0x0000000000000108       0x78 /Users/daymoon/Documents/workspace/stm32f0_stdperiph_lib/Debug/libstm32f0_stdperiph_lib.a(stm32f0xx_dma.o)
 .debug_aranges
                0x0000000000000180       0x80 /Users/daymoon/Documents/workspace/stm32f0_stdperiph_lib/Debug/libstm32f0_stdperiph_lib.a(stm32f0xx_gpio.o)
 .debug_aranges
                0x0000000000000200      0x160 /Users/daymoon/Documents/workspace/stm32f0_stdperiph_lib/Debug/libstm32f0_stdperiph_lib.a(stm32f0xx_rcc.o)
 .debug_aranges
                0x0000000000000360      0x2f0 /Users/daymoon/Documents/workspace/stm32f0_stdperiph_lib/Debug/libstm32f0_stdperiph_lib.a(stm32f0xx_tim.o)

.debug_ranges   0x0000000000000000      0x640
 .debug_ranges  0x0000000000000000       0xf8 /Users/daymoon/Documents/workspace/stm32f0_stdperiph_lib/Debug/libstm32f0_stdperiph_lib.a(stm32f0xx_adc.o)
 .debug_ranges  0x00000000000000f8       0x68 /Users/daymoon/Documents/workspace/stm32f0_stdperiph_lib/Debug/libstm32f0_stdperiph_lib.a(stm32f0xx_dma.o)
 .debug_ranges  0x0000000000000160       0x70 /Users/daymoon/Documents/workspace/stm32f0_stdperiph_lib/Debug/libstm32f0_stdperiph_lib.a(stm32f0xx_gpio.o)
 .debug_ranges  0x00000000000001d0      0x150 /Users/daymoon/Documents/workspace/stm32f0_stdperiph_lib/Debug/libstm32f0_stdperiph_lib.a(stm32f0xx_rcc.o)
 .debug_ranges  0x0000000000000320      0x320 /Users/daymoon/Documents/workspace/stm32f0_stdperiph_lib/Debug/libstm32f0_stdperiph_lib.a(stm32f0xx_tim.o)

.debug_macro    0x0000000000000000     0xd20b
 .debug_macro   0x0000000000000000      0x1a2 /Users/daymoon/Documents/workspace/stm32f0_stdperiph_lib/Debug/libstm32f0_stdperiph_lib.a(stm32f0xx_adc.o)
 .debug_macro   0x00000000000001a2      0xa60 /Users/daymoon/Documents/workspace/stm32f0_stdperiph_lib/Debug/libstm32f0_stdperiph_lib.a(stm32f0xx_adc.o)
 .debug_macro   0x0000000000000c02       0x87 /Users/daymoon/Documents/workspace/stm32f0_stdperiph_lib/Debug/libstm32f0_stdperiph_lib.a(stm32f0xx_adc.o)
 .debug_macro   0x0000000000000c89       0x3a /Users/daymoon/Documents/workspace/stm32f0_stdperiph_lib/Debug/libstm32f0_stdperiph_lib.a(stm32f0xx_adc.o)
 .debug_macro   0x0000000000000cc3       0x22 /Users/daymoon/Documents/workspace/stm32f0_stdperiph_lib/Debug/libstm32f0_stdperiph_lib.a(stm32f0xx_adc.o)
 .debug_macro   0x0000000000000ce5       0x8e /Users/daymoon/Documents/workspace/stm32f0_stdperiph_lib/Debug/libstm32f0_stdperiph_lib.a(stm32f0xx_adc.o)
 .debug_macro   0x0000000000000d73       0x51 /Users/daymoon/Documents/workspace/stm32f0_stdperiph_lib/Debug/libstm32f0_stdperiph_lib.a(stm32f0xx_adc.o)
 .debug_macro   0x0000000000000dc4       0xef /Users/daymoon/Documents/workspace/stm32f0_stdperiph_lib/Debug/libstm32f0_stdperiph_lib.a(stm32f0xx_adc.o)
 .debug_macro   0x0000000000000eb3       0x6a /Users/daymoon/Documents/workspace/stm32f0_stdperiph_lib/Debug/libstm32f0_stdperiph_lib.a(stm32f0xx_adc.o)
 .debug_macro   0x0000000000000f1d      0x1df /Users/daymoon/Documents/workspace/stm32f0_stdperiph_lib/Debug/libstm32f0_stdperiph_lib.a(stm32f0xx_adc.o)
 .debug_macro   0x00000000000010fc       0x1f /Users/daymoon/Documents/workspace/stm32f0_stdperiph_lib/Debug/libstm32f0_stdperiph_lib.a(stm32f0xx_adc.o)
 .debug_macro   0x000000000000111b      0x242 /Users/daymoon/Documents/workspace/stm32f0_stdperiph_lib/Debug/libstm32f0_stdperiph_lib.a(stm32f0xx_adc.o)
 .debug_macro   0x000000000000135d     0x6300 /Users/daymoon/Documents/workspace/stm32f0_stdperiph_lib/Debug/libstm32f0_stdperiph_lib.a(stm32f0xx_adc.o)
 .debug_macro   0x000000000000765d      0x3c9 /Users/daymoon/Documents/workspace/stm32f0_stdperiph_lib/Debug/libstm32f0_stdperiph_lib.a(stm32f0xx_adc.o)
 .debug_macro   0x0000000000007a26      0x191 /Users/daymoon/Documents/workspace/stm32f0_stdperiph_lib/Debug/libstm32f0_stdperiph_lib.a(stm32f0xx_adc.o)
 .debug_macro   0x0000000000007bb7       0x46 /Users/daymoon/Documents/workspace/stm32f0_stdperiph_lib/Debug/libstm32f0_stdperiph_lib.a(stm32f0xx_adc.o)
 .debug_macro   0x0000000000007bfd       0xd9 /Users/daymoon/Documents/workspace/stm32f0_stdperiph_lib/Debug/libstm32f0_stdperiph_lib.a(stm32f0xx_adc.o)
 .debug_macro   0x0000000000007cd6       0xef /Users/daymoon/Documents/workspace/stm32f0_stdperiph_lib/Debug/libstm32f0_stdperiph_lib.a(stm32f0xx_adc.o)
 .debug_macro   0x0000000000007dc5      0x184 /Users/daymoon/Documents/workspace/stm32f0_stdperiph_lib/Debug/libstm32f0_stdperiph_lib.a(stm32f0xx_adc.o)
 .debug_macro   0x0000000000007f49       0x7c /Users/daymoon/Documents/workspace/stm32f0_stdperiph_lib/Debug/libstm32f0_stdperiph_lib.a(stm32f0xx_adc.o)
 .debug_macro   0x0000000000007fc5      0x85b /Users/daymoon/Documents/workspace/stm32f0_stdperiph_lib/Debug/libstm32f0_stdperiph_lib.a(stm32f0xx_adc.o)
 .debug_macro   0x0000000000008820       0xd5 /Users/daymoon/Documents/workspace/stm32f0_stdperiph_lib/Debug/libstm32f0_stdperiph_lib.a(stm32f0xx_adc.o)
 .debug_macro   0x00000000000088f5      0x240 /Users/daymoon/Documents/workspace/stm32f0_stdperiph_lib/Debug/libstm32f0_stdperiph_lib.a(stm32f0xx_adc.o)
 .debug_macro   0x0000000000008b35      0x185 /Users/daymoon/Documents/workspace/stm32f0_stdperiph_lib/Debug/libstm32f0_stdperiph_lib.a(stm32f0xx_adc.o)
 .debug_macro   0x0000000000008cba      0x471 /Users/daymoon/Documents/workspace/stm32f0_stdperiph_lib/Debug/libstm32f0_stdperiph_lib.a(stm32f0xx_adc.o)
 .debug_macro   0x000000000000912b      0x2a0 /Users/daymoon/Documents/workspace/stm32f0_stdperiph_lib/Debug/libstm32f0_stdperiph_lib.a(stm32f0xx_adc.o)
 .debug_macro   0x00000000000093cb       0x70 /Users/daymoon/Documents/workspace/stm32f0_stdperiph_lib/Debug/libstm32f0_stdperiph_lib.a(stm32f0xx_adc.o)
 .debug_macro   0x000000000000943b       0xdf /Users/daymoon/Documents/workspace/stm32f0_stdperiph_lib/Debug/libstm32f0_stdperiph_lib.a(stm32f0xx_adc.o)
 .debug_macro   0x000000000000951a      0x561 /Users/daymoon/Documents/workspace/stm32f0_stdperiph_lib/Debug/libstm32f0_stdperiph_lib.a(stm32f0xx_adc.o)
 .debug_macro   0x0000000000009a7b      0x4c5 /Users/daymoon/Documents/workspace/stm32f0_stdperiph_lib/Debug/libstm32f0_stdperiph_lib.a(stm32f0xx_adc.o)
 .debug_macro   0x0000000000009f40      0x396 /Users/daymoon/Documents/workspace/stm32f0_stdperiph_lib/Debug/libstm32f0_stdperiph_lib.a(stm32f0xx_adc.o)
 .debug_macro   0x000000000000a2d6      0x750 /Users/daymoon/Documents/workspace/stm32f0_stdperiph_lib/Debug/libstm32f0_stdperiph_lib.a(stm32f0xx_adc.o)
 .debug_macro   0x000000000000aa26      0x356 /Users/daymoon/Documents/workspace/stm32f0_stdperiph_lib/Debug/libstm32f0_stdperiph_lib.a(stm32f0xx_adc.o)
 .debug_macro   0x000000000000ad7c       0x34 /Users/daymoon/Documents/workspace/stm32f0_stdperiph_lib/Debug/libstm32f0_stdperiph_lib.a(stm32f0xx_adc.o)
 .debug_macro   0x000000000000adb0       0x3a /Users/daymoon/Documents/workspace/stm32f0_stdperiph_lib/Debug/libstm32f0_stdperiph_lib.a(stm32f0xx_adc.o)
 .debug_macro   0x000000000000adea       0x10 /Users/daymoon/Documents/workspace/stm32f0_stdperiph_lib/Debug/libstm32f0_stdperiph_lib.a(stm32f0xx_adc.o)
 .debug_macro   0x000000000000adfa      0x2eb /Users/daymoon/Documents/workspace/stm32f0_stdperiph_lib/Debug/libstm32f0_stdperiph_lib.a(stm32f0xx_adc.o)
 .debug_macro   0x000000000000b0e5      0x1e6 /Users/daymoon/Documents/workspace/stm32f0_stdperiph_lib/Debug/libstm32f0_stdperiph_lib.a(stm32f0xx_dma.o)
 .debug_macro   0x000000000000b2cb      0x3cf /Users/daymoon/Documents/workspace/stm32f0_stdperiph_lib/Debug/libstm32f0_stdperiph_lib.a(stm32f0xx_dma.o)
 .debug_macro   0x000000000000b69a      0x855 /Users/daymoon/Documents/workspace/stm32f0_stdperiph_lib/Debug/libstm32f0_stdperiph_lib.a(stm32f0xx_dma.o)
 .debug_macro   0x000000000000beef      0x196 /Users/daymoon/Documents/workspace/stm32f0_stdperiph_lib/Debug/libstm32f0_stdperiph_lib.a(stm32f0xx_gpio.o)
 .debug_macro   0x000000000000c085      0x17f /Users/daymoon/Documents/workspace/stm32f0_stdperiph_lib/Debug/libstm32f0_stdperiph_lib.a(stm32f0xx_gpio.o)
 .debug_macro   0x000000000000c204      0x1b0 /Users/daymoon/Documents/workspace/stm32f0_stdperiph_lib/Debug/libstm32f0_stdperiph_lib.a(stm32f0xx_rcc.o)
 .debug_macro   0x000000000000c3b4      0x55b /Users/daymoon/Documents/workspace/stm32f0_stdperiph_lib/Debug/libstm32f0_stdperiph_lib.a(stm32f0xx_rcc.o)
 .debug_macro   0x000000000000c90f      0x1b2 /Users/daymoon/Documents/workspace/stm32f0_stdperiph_lib/Debug/libstm32f0_stdperiph_lib.a(stm32f0xx_tim.o)
 .debug_macro   0x000000000000cac1      0x74a /Users/daymoon/Documents/workspace/stm32f0_stdperiph_lib/Debug/libstm32f0_stdperiph_lib.a(stm32f0xx_tim.o)

.debug_line     0x0000000000000000     0x4f2c
 .debug_line    0x0000000000000000      0xbe3 /Users/daymoon/Documents/workspace/stm32f0_stdperiph_lib/Debug/libstm32f0_stdperiph_lib.a(stm32f0xx_adc.o)
 .debug_line    0x0000000000000be3      0xbf1 /Users/daymoon/Documents/workspace/stm32f0_stdperiph_lib/Debug/libstm32f0_stdperiph_lib.a(stm32f0xx_dma.o)
 .debug_line    0x00000000000017d4      0xa7c /Users/daymoon/Documents/workspace/stm32f0_stdperiph_lib/Debug/libstm32f0_stdperiph_lib.a(stm32f0xx_gpio.o)
 .debug_line    0x0000000000002250      0xd74 /Users/daymoon/Documents/workspace/stm32f0_stdperiph_lib/Debug/libstm32f0_stdperiph_lib.a(stm32f0xx_rcc.o)
 .debug_line    0x0000000000002fc4     0x1f68 /Users/daymoon/Documents/workspace/stm32f0_stdperiph_lib/Debug/libstm32f0_stdperiph_lib.a(stm32f0xx_tim.o)

.debug_str      0x0000000000000000    0x4c6a5
 .debug_str     0x0000000000000000    0x4aa1f /Users/daymoon/Documents/workspace/stm32f0_stdperiph_lib/Debug/libstm32f0_stdperiph_lib.a(stm32f0xx_adc.o)
                                      0x4abae (size before relaxing)
 .debug_str     0x000000000004aa1f      0x725 /Users/daymoon/Documents/workspace/stm32f0_stdperiph_lib/Debug/libstm32f0_stdperiph_lib.a(stm32f0xx_dma.o)
                                      0x4ae37 (size before relaxing)
 .debug_str     0x000000000004b144      0x2d6 /Users/daymoon/Documents/workspace/stm32f0_stdperiph_lib/Debug/libstm32f0_stdperiph_lib.a(stm32f0xx_gpio.o)
                                      0x4aa0f (size before relaxing)
 .debug_str     0x000000000004b41a      0x654 /Users/daymoon/Documents/workspace/stm32f0_stdperiph_lib/Debug/libstm32f0_stdperiph_lib.a(stm32f0xx_rcc.o)
                                      0x4adca (size before relaxing)
 .debug_str     0x000000000004ba6e      0xc37 /Users/daymoon/Documents/workspace/stm32f0_stdperiph_lib/Debug/libstm32f0_stdperiph_lib.a(stm32f0xx_tim.o)
                                      0x4b3fa (size before relaxing)

.debug_frame    0x0000000000000000     0x15d4
 .debug_frame   0x0000000000000000      0x330 /Users/daymoon/Documents/workspace/stm32f0_stdperiph_lib/Debug/libstm32f0_stdperiph_lib.a(stm32f0xx_adc.o)
 .debug_frame   0x0000000000000330      0x140 /Users/daymoon/Documents/workspace/stm32f0_stdperiph_lib/Debug/libstm32f0_stdperiph_lib.a(stm32f0xx_dma.o)
 .debug_frame   0x0000000000000470      0x16c /Users/daymoon/Documents/workspace/stm32f0_stdperiph_lib/Debug/libstm32f0_stdperiph_lib.a(stm32f0xx_gpio.o)
 .debug_frame   0x00000000000005dc      0x400 /Users/daymoon/Documents/workspace/stm32f0_stdperiph_lib/Debug/libstm32f0_stdperiph_lib.a(stm32f0xx_rcc.o)
 .debug_frame   0x00000000000009dc      0x9f8 /Users/daymoon/Documents/workspace/stm32f0_stdperiph_lib/Debug/libstm32f0_stdperiph_lib.a(stm32f0xx_tim.o)
 .debug_frame   0x00000000000013d4       0x20 /Applications/Ac6/SystemWorkbench.app/Contents/Eclipse/plugins/fr.ac6.mcu.externaltools.arm-none.macos64_1.17.0.201812190825/tools/compiler/bin/../lib/gcc/arm-none-eabi/7.3.1/thumb/v6-m/libgcc.a(_udivsi3.o)
 .debug_frame   0x00000000000013f4       0x20 /Applications/Ac6/SystemWorkbench.app/Contents/Eclipse/plugins/fr.ac6.mcu.externaltools.arm-none.macos64_1.17.0.201812190825/tools/compiler/bin/../lib/gcc/arm-none-eabi/7.3.1/thumb/v6-m/libgcc.a(_divsi3.o)
 .debug_frame   0x0000000000001414       0x2c /Applications/Ac6/SystemWorkbench.app/Contents/Eclipse/plugins/fr.ac6.mcu.externaltools.arm-none.macos64_1.17.0.201812190825/tools/compiler/bin/../lib/gcc/arm-none-eabi/7.3.1/../../../../arm-none-eabi/lib/thumb/v6-m/libc.a(lib_a-init.o)
 .debug_frame   0x0000000000001440       0x54 /Applications/Ac6/SystemWorkbench.app/Contents/Eclipse/plugins/fr.ac6.mcu.externaltools.arm-none.macos64_1.17.0.201812190825/tools/compiler/bin/../lib/gcc/arm-none-eabi/7.3.1/../../../../arm-none-eabi/lib/thumb/v6-m/libc.a(lib_a-__call_atexit.o)
 .debug_frame   0x0000000000001494       0x28 /Applications/Ac6/SystemWorkbench.app/Contents/Eclipse/plugins/fr.ac6.mcu.externaltools.arm-none.macos64_1.17.0.201812190825/tools/compiler/bin/../lib/gcc/arm-none-eabi/7.3.1/../../../../arm-none-eabi/lib/thumb/v6-m/libc.a(lib_a-atexit.o)
 .debug_frame   0x00000000000014bc       0x2c /Applications/Ac6/SystemWorkbench.app/Contents/Eclipse/plugins/fr.ac6.mcu.externaltools.arm-none.macos64_1.17.0.201812190825/tools/compiler/bin/../lib/gcc/arm-none-eabi/7.3.1/../../../../arm-none-eabi/lib/thumb/v6-m/libc.a(lib_a-fini.o)
 .debug_frame   0x00000000000014e8       0xb0 /Applications/Ac6/SystemWorkbench.app/Contents/Eclipse/plugins/fr.ac6.mcu.externaltools.arm-none.macos64_1.17.0.201812190825/tools/compiler/bin/../lib/gcc/arm-none-eabi/7.3.1/../../../../arm-none-eabi/lib/thumb/v6-m/libc.a(lib_a-lock.o)
 .debug_frame   0x0000000000001598       0x3c /Applications/Ac6/SystemWorkbench.app/Contents/Eclipse/plugins/fr.ac6.mcu.externaltools.arm-none.macos64_1.17.0.201812190825/tools/compiler/bin/../lib/gcc/arm-none-eabi/7.3.1/../../../../arm-none-eabi/lib/thumb/v6-m/libc.a(lib_a-__atexit.o)
